01-29 20:09:31.995 E/installd(  414): system dir 3 : /oem/app/
01-29 20:09:32.015 E/installd(  414): system dir 0 : /system/app/
01-29 20:09:32.015 E/installd(  414): system dir 1 : /system/priv-app/
01-29 20:09:32.015 E/installd(  414): system dir 2 : /vendor/app/
01-29 20:09:32.015 E/installd(  414): system dir 3 : /oem/app/
01-29 20:09:32.025 E/installd(  414): system dir 0 : /system/app/
01-29 20:09:32.025 E/installd(  414): system dir 1 : /system/priv-app/
01-29 20:09:32.025 E/installd(  414): system dir 2 : /vendor/app/
01-29 20:09:32.025 E/installd(  414): system dir 3 : /oem/app/
01-29 20:09:32.035 E/installd(  414): system dir 0 : /system/app/
01-29 20:09:32.035 E/installd(  414): system dir 1 : /system/priv-app/
01-29 20:09:32.035 E/installd(  414): system dir 2 : /vendor/app/
01-29 20:09:32.035 E/installd(  414): system dir 3 : /oem/app/
01-29 20:09:32.055 E/installd(  414): system dir 0 : /system/app/
01-29 20:09:32.055 E/installd(  414): system dir 1 : /system/priv-app/
01-29 20:09:32.055 E/installd(  414): system dir 2 : /vendor/app/
01-29 20:09:32.055 E/installd(  414): system dir 3 : /oem/app/
01-29 20:09:32.085 E/installd(  414): system dir 0 : /system/app/
01-29 20:09:32.085 E/installd(  414): system dir 1 : /system/priv-app/
01-29 20:09:32.085 E/installd(  414): system dir 2 : /vendor/app/
01-29 20:09:32.085 E/installd(  414): system dir 3 : /oem/app/
01-29 20:09:32.215 E/installd(  414): system dir 0 : /system/app/
01-29 20:09:32.215 E/installd(  414): system dir 1 : /system/priv-app/
01-29 20:09:32.215 E/installd(  414): system dir 2 : /vendor/app/
01-29 20:09:32.215 E/installd(  414): system dir 3 : /oem/app/
01-29 20:09:32.285 E/installd(  414): system dir 0 : /system/app/
01-29 20:09:32.285 E/installd(  414): system dir 1 : /system/priv-app/
01-29 20:09:32.285 E/installd(  414): system dir 2 : /vendor/app/
01-29 20:09:32.285 E/installd(  414): system dir 3 : /oem/app/
01-29 20:09:32.295 E/installd(  414): system dir 0 : /system/app/
01-29 20:09:32.295 E/installd(  414): system dir 1 : /system/priv-app/
01-29 20:09:32.295 E/installd(  414): system dir 2 : /vendor/app/
01-29 20:09:32.295 E/installd(  414): system dir 3 : /oem/app/
01-29 20:09:32.315 E/installd(  414): system dir 0 : /system/app/
01-29 20:09:32.315 E/installd(  414): system dir 1 : /system/priv-app/
01-29 20:09:32.315 E/installd(  414): system dir 2 : /vendor/app/
01-29 20:09:32.315 E/installd(  414): system dir 3 : /oem/app/
01-29 20:09:32.335 E/installd(  414): system dir 0 : /system/app/
01-29 20:09:32.335 E/installd(  414): system dir 1 : /system/priv-app/
01-29 20:09:32.335 E/installd(  414): system dir 2 : /vendor/app/
01-29 20:09:32.335 E/installd(  414): system dir 3 : /oem/app/
01-29 20:09:32.355 E/installd(  414): system dir 0 : /system/app/
01-29 20:09:32.355 E/installd(  414): system dir 1 : /system/priv-app/
01-29 20:09:32.355 E/installd(  414): system dir 2 : /vendor/app/
01-29 20:09:32.355 E/installd(  414): system dir 3 : /oem/app/
01-29 20:09:32.375 E/installd(  414): system dir 0 : /system/app/
01-29 20:09:32.375 E/installd(  414): system dir 1 : /system/priv-app/
01-29 20:09:32.375 E/installd(  414): system dir 2 : /vendor/app/
01-29 20:09:32.375 E/installd(  414): system dir 3 : /oem/app/
01-29 20:09:32.395 E/installd(  414): system dir 0 : /system/app/
01-29 20:09:32.395 E/installd(  414): system dir 1 : /system/priv-app/
01-29 20:09:32.395 E/installd(  414): system dir 2 : /vendor/app/
01-29 20:09:32.395 E/installd(  414): system dir 3 : /oem/app/
01-29 20:09:32.415 E/installd(  414): system dir 0 : /system/app/
01-29 20:09:32.415 E/installd(  414): system dir 1 : /system/priv-app/
01-29 20:09:32.415 E/installd(  414): system dir 2 : /vendor/app/
01-29 20:09:32.415 E/installd(  414): system dir 3 : /oem/app/
01-29 20:09:32.425 E/installd(  414): system dir 0 : /system/app/
01-29 20:09:32.425 E/installd(  414): system dir 1 : /system/priv-app/
01-29 20:09:32.425 E/installd(  414): system dir 2 : /vendor/app/
01-29 20:09:32.425 E/installd(  414): system dir 3 : /oem/app/
01-29 20:09:32.445 E/installd(  414): system dir 0 : /system/app/
01-29 20:09:32.445 E/installd(  414): system dir 1 : /system/priv-app/
01-29 20:09:32.445 E/installd(  414): system dir 2 : /vendor/app/
01-29 20:09:32.445 E/installd(  414): system dir 3 : /oem/app/
01-29 20:09:32.475 E/installd(  414): system dir 0 : /system/app/
01-29 20:09:32.475 E/installd(  414): system dir 1 : /system/priv-app/
01-29 20:09:32.475 E/installd(  414): system dir 2 : /vendor/app/
01-29 20:09:32.475 E/installd(  414): system dir 3 : /oem/app/
01-29 20:09:32.515 E/installd(  414): system dir 0 : /system/app/
01-29 20:09:32.515 E/installd(  414): system dir 1 : /system/priv-app/
01-29 20:09:32.515 E/installd(  414): system dir 2 : /vendor/app/
01-29 20:09:32.515 E/installd(  414): system dir 3 : /oem/app/
01-29 20:09:56.155 E/Watchdog( 1683): !@Sync 10509 [01-29 20:09:56.165]
01-29 20:10:01.045 E/NetlinkEvent(  395): NetlinkEvent::FindParam(): Parameter 'LABEL' not found
01-29 20:10:01.045 E/NetlinkEvent(  395): NetlinkEvent::FindParam(): Parameter 'UID' not found
 1 : /system/priv-app/
01-29 19:40:01.975 E/installd(  414): system dir 2 : /vendor/app/
01-29 19:40:01.975 E/installd(  414): system dir 3 : /oem/app/
01-29 19:40:02.015 E/installd(  414): system dir 0 : /system/app/
01-29 19:40:02.015 E/installd(  414): system dir 1 : /system/priv-app/
01-29 19:40:02.015 E/installd(  414): system dir 2 : /vendor/app/
01-29 19:40:02.015 E/installd(  414): system dir 3 : /oem/app/
01-29 19:40:02.115 E/installd(  414): system dir 0 : /system/app/
01-29 19:40:02.115 E/installd(  414): system dir 1 : /system/priv-app/
01-29 19:40:02.115 E/installd(  414): system dir 2 : /vendor/app/
01-29 19:40:02.115 E/installd(  414): system dir 3 : /oem/app/
01-29 19:40:02.155 E/installd(  414): system dir 0 : /system/app/
01-29 19:40:02.155 E/installd(  414): system dir 1 : /system/priv-app/
01-29 19:40:02.155 E/installd(  414): system dir 2 : /vendor/app/
01-29 19:40:02.155 E/installd(  414): system dir 3 : /oem/app/
01-29 19:40:02.175 E/installd(  414): system dir 0 : /system/app/
01-29 19:40:02.175 E/installd(  414): system dir 1 : /system/priv-app/
01-29 19:40:02.175 E/installd(  414): system dir 2 : /vendor/app/
01-29 19:40:02.175 E/installd(  414): system dir 3 : /oem/app/
01-29 19:40:02.185 E/installd(  414): system dir 0 : /system/app/
01-29 19:40:02.185 E/installd(  414): system dir 1 : /system/priv-app/
01-29 19:40:02.185 E/installd(  414): system dir 2 : /vendor/app/
01-29 19:40:02.185 E/installd(  414): system dir 3 : /oem/app/
01-29 19:40:02.205 E/installd(  414): system dir 0 : /system/app/
01-29 19:40:02.205 E/installd(  414): system dir 1 : /system/priv-app/
01-29 19:40:02.205 E/installd(  414): system dir 2 : /vendor/app/
01-29 19:40:02.205 E/installd(  414): system dir 3 : /oem/app/
01-29 19:40:02.215 E/installd(  414): system dir 0 : /system/app/
01-29 19:40:02.215 E/installd(  414): system dir 1 : /system/priv-app/
01-29 19:40:02.215 E/installd(  414): system dir 2 : /vendor/app/
01-29 19:40:02.215 E/installd(  414): system dir 3 : /oem/app/
01-29 19:40:02.245 E/installd(  414): system dir 0 : /system/app/
01-29 19:40:02.245 E/installd(  414): system dir 1 : /system/priv-app/
01-29 19:40:02.245 E/installd(  414): system dir 2 : /vendor/app/
01-29 19:40:02.245 E/installd(  414): system dir 3 : /oem/app/
01-29 19:40:02.255 E/installd(  414): system dir 0 : /system/app/
01-29 19:40:02.255 E/installd(  414): system dir 1 : /system/priv-app/
01-29 19:40:02.255 E/installd(  414): system dir 2 : /vendor/app/
01-29 19:40:02.255 E/installd(  414): system dir 3 : /oem/app/
01-29 19:40:02.275 E/installd(  414): system dir 0 : /system/app/
01-29 19:40:02.275 E/installd(  414): system dir 1 : /system/priv-app/
01-29 19:40:02.275 E/installd(  414): system dir 2 : /vendor/app/
01-29 19:40:02.275 E/installd(  414): system dir 3 : /oem/app/
01-29 19:40:02.285 E/installd(  414): system dir 0 : /system/app/
01-29 19:40:02.285 E/installd(  414): system dir 1 : /system/priv-app/
01-29 19:40:02.285 E/installd(  414): system dir 2 : /vendor/app/
01-29 19:40:02.285 E/installd(  414): system dir 3 : /oem/app/
01-29 19:40:02.295 E/installd(  414): system dir 0 : /system/app/
01-29 19:40:02.295 E/installd(  414): system dir 1 : /system/priv-app/
01-29 19:40:02.295 E/installd(  414): system dir 2 : /vendor/app/
01-29 19:40:02.295 E/installd(  414): system dir 3 : /oem/app/
01-29 19:40:02.315 E/installd(  414): system dir 0 : /system/app/
01-29 19:40:02.315 E/installd(  414): system dir 1 : /system/priv-app/
01-29 19:40:02.315 E/installd(  414): system dir 2 : /vendor/app/
01-29 19:40:02.315 E/installd(  414): system dir 3 : /oem/app/
01-29 19:40:02.335 E/installd(  414): system dir 0 : /system/app/
01-29 19:40:02.335 E/installd(  414): system dir 1 : /system/priv-app/
01-29 19:40:02.335 E/installd(  414): system dir 2 : /vendor/app/
01-29 19:40:02.335 E/installd(  414): system dir 3 : /oem/app/
01-29 19:40:20.485 E/ContactsProvider_EventLog( 2653): Flush buffer to file cnt : 8 size : 3Kb duration : 40ms lastUpdatedAfter : 60141 ms mFlush_time_threasold : 2000 mCurrentSize : 1640
01-29 19:40:26.065 E/Watchdog( 1683): !@Sync 10450 [01-29 19:40:26.070]
01-29 19:40:53.665 E/MtpServerJNI( 3391): server is null in send_object_removed
01-29 19:40:56.065 E/Watchdog( 1683): !@Sync 10451 [01-29 19:40:56.071]
01-29 19:41:20.495 E/ContactsProvider_EventLog( 2653): Flush buffer to file cnt : 8 size : 3Kb duration : 15ms lastUpdatedAfter : 60007 ms mFlush_time_threasold : 2000 mCurrentSize : 1640
01-29 19:41:26.065 E/Watchdog( 1683): !@Sync 10452 [01-29 19:41:26.073]
01-29 19:41:34.575 E/NetlinkEvent(  395): NetlinkEvent::FindParam(): Parameter 'LABEL' not found
01-29 19:41:34.575 E/NetlinkEvent(  395): NetlinkEvent::FindParam(): Parameter 'UID' not found
01-29 19:41:51.455 E/NetlinkEvent(  395): NetlinkEvent::FindParam(): Parameter 'LABEL' not found
01-29 19:41:51.455 E/NetlinkEvent(  395): NetlinkEvent::FindParam(): Parameter 'UID' not found
01-29 19:41:56.065 E/Watchdog( 1683): !@Sync 10453 [01-29 19:41:56.075]
01-29 19:42:20.605 E/ContactsProvider_EventLog( 2653): Flush buffer to file cnt : 8 size : 3Kb duration : 15ms lastUpdatedAfter : 60111 ms mFlush_time_threasold : 2000 mCurrentSize : 1640
01-29 19:42:26.075 E/Watchdog( 1683): !@Sync 10454 [01-29 19:42:26.076]
01-29 19:42:56.075 E/Watchdog( 1683): !@Sync 10455 [01-29 19:42:56.078]
01-29 19:43:01.715 E/NetlinkEvent(  395): NetlinkEvent::FindParam(): Parameter 'LABEL' not found
01-29 19:43:01.715 E/NetlinkEvent(  395): NetlinkEvent::FindParam(): Parameter 'UID' not found
01-29 19:43:19.375 E/NetlinkEvent(  395): NetlinkEvent::FindParam(): Parameter 'LABEL' not found
01-29 19:43:19.375 E/NetlinkEvent(  395): NetlinkEvent::FindParam(): Parameter 'UID' not found
01-29 19:43:20.725 E/ContactsProvider_EventLog( 2653): Flush buffer to file cnt : 8 size : 3Kb duration : 16ms lastUpdatedAfter : 60112 ms mFlush_time_threasold : 2000 mCurrentSize : 1640
01-29 19:43:26.075 E/Watchdog( 1683): !@Sync 10456 [01-29 19:43:26.079]
01-29 19:43:34.635 E/MtpServerJNI( 3391): server is null in send_object_removed
01-29 19:43:56.075 E/Watchdog( 1683): !@Sync 10457 [01-29 19:43:56.081]
01-29 19:44:20.835 E/ContactsProvider_EventLog( 2653): Flush buffer to file cnt : 8 size : 3Kb duration : 19ms lastUpdatedAfter : 60108 ms mFlush_time_threasold : 2000 mCurrentSize : 1640
01-29 19:44:26.075 E/Watchdog( 1683): !@Sync 10458 [01-29 19:44:26.083]
01-29 19:44:56.075 E/Watchdog( 1683): !@Sync 10459 [01-29 19:44:56.084]
01-29 19:45:01.695 E/NetlinkEvent(  395): NetlinkEvent::FindParam(): Parameter 'LABEL' not found
01-29 19:45:01.695 E/NetlinkEvent(  395): NetlinkEvent::FindParam(): Parameter 'UID' not found
01-29 19:45:20.945 E/ContactsProvider_EventLog( 2653): Flush buffer to file cnt : 8 size : 3Kb duration : 15ms lastUpdatedAfter : 60106 ms mFlush_time_threasold : 2000 mCurrentSize : 1640
01-29 19:45:22.495 E/NetlinkEvent(  395): NetlinkEvent::FindParam(): Parameter 'LABEL' not found
01-29 19:45:22.495 E/NetlinkEvent(  395): NetlinkEvent::FindParam(): Parameter 'UID' not found
01-29 19:45:26.085 E/Watchdog( 1683): !@Sync 10460 [01-29 19:45:26.086]
01-29 19:45:56.085 E/Watchdog( 1683): !@Sync 10461 [01-29 19:45:56.087]
01-29 19:46:15.615 E/MtpServerJNI( 3391): server is null in send_object_removed
01-29 19:46:20.975 E/ContactsProvider_EventLog( 2653): Flush buffer to file cnt : 8 size : 3Kb duration : 24ms lastUpdatedAfter : 60036 ms mFlush_time_threasold : 2000 mCurrentSize : 1640
01-29 19:46:26.085 E/Watchdog( 1683): !@Sync 10462 [01-29 19:46:26.089]
01-29 19:46:56.085 E/Watchdog( 1683): !@Sync 10463 [01-29 19:46:56.091]
01-29 19:47:21.045 E/ContactsProvider_EventLog( 2653): Flush buffer to file cnt : 8 size : 3Kb duration : 18ms lastUpdatedAfter : 60064 ms mFlush_time_threasold : 2000 mCurrentSize : 1640
01-29 19:47:26.085 E/Watchdog( 1683): !@Sync 10464 [01-29 19:47:26.092]
01-29 19:47:56.085 E/Watchdog( 1683): !@Sync 10465 [01-29 19:47:56.094]
01-29 19:48:21.155 E/ContactsProvider_EventLog( 2653): Flush buffer to file cnt : 8 size : 3Kb duration : 14ms lastUpdatedAfter : 60105 ms mFlush_time_threasold : 2000 mCurrentSize : 1640
01-29 19:48:26.095 E/Watchdog( 1683): !@Sync 10466 [01-29 19:48:26.096]
01-29 19:48:43.845 E/NetlinkEvent(  395): NetlinkEvent::FindParam(): Parameter 'LABEL' not found
01-29 19:48:43.845 E/NetlinkEvent(  395): NetlinkEvent::FindParam(): Parameter 'UID' not found
01-29 19:48:56.095 E/Watchdog( 1683): !@Sync 10467 [01-29 19:48:56.097]
01-29 19:48:56.585 E/MtpServerJNI( 3391): server is null in send_object_removed
01-29 19:48:58.935 E/NetlinkEvent(  395): NetlinkEvent::FindParam(): Parameter 'LABEL' not found
01-29 19:48:58.935 E/NetlinkEvent(  395): NetlinkEvent::FindParam(): Parameter 'UID' not found
01-29 19:49:21.265 E/ContactsProvider_EventLog( 2653): Flush buffer to file cnt : 8 size : 3Kb duration : 14ms lastUpdatedAfter : 60110 ms mFlush_time_threasold : 2000 mCurrentSize : 1640
01-29 19:49:26.095 E/Watchdog( 1683): !@Sync 10468 [01-29 19:49:26.099]
01-29 19:49:56.095 E/Watchdog( 1683): !@Sync 10469 [01-29 19:49:56.100]
01-29 19:50:01.915 E/installd(  414): system dir 0 : /system/app/
01-29 19:50:01.915 E/installd(  414): system dir 1 : /system/priv-app/
01-29 19:50:01.915 E/installd(  414): system dir 2 : /vendor/app/
01-29 19:50:01.915 E/installd(  414): system dir 3 : /oem/app/
01-29 19:50:01.935 E/installd(  414): system dir 0 : /system/app/
01-29 19:50:01.935 E/installd(  414): system dir 1 : /system/priv-app/
01-29 19:50:01.935 E/installd(  414): system dir 2 : /vendor/app/
01-29 19:50:01.935 E/installd(  414): system dir 3 : /oem/app/
01-29 19:50:01.965 E/installd(  414): system dir 0 : /system/app/
01-29 19:50:01.965 E/installd(  414): system dir 1 : /system/priv-app/
01-29 19:50:01.965 E/installd(  414): system dir 2 : /vendor/app/
01-29 19:50:01.965 E/installd(  414): system dir 3 : /oem/app/
01-29 19:50:02.005 E/SPPClientService( 6036): [[PushClientService]] F:false, D:false, E:false, T:false, S:true, R:false
01-29 19:50:02.015 E/installd(  414): system dir 0 : /system/app/
01-29 19:50:02.015 E/installd(  414): system dir 1 : /system/priv-app/
01-29 19:50:02.015 E/installd(  414): system dir 2 : /vendor/app/
01-29 19:50:02.015 E/installd(  414): system dir 3 : /oem/app/
01-29 19:50:02.035 E/installd(  414): system dir 0 : /system/app/
01-29 19:50:02.035 E/installd(  414): system dir 1 : /system/priv-app/
01-29 19:50:02.035 E/installd(  414): system dir 2 : /vendor/app/
01-29 19:50:02.045 E/installd(  414): system dir 3 : /oem/app/
01-29 19:50:02.055 E/installd(  414): system dir 0 : /system/app/
01-29 19:50:02.055 E/installd(  414): system dir 1 : /system/priv-app/
01-29 19:50:02.055 E/installd(  414): system dir 2 : /vendor/app/
01-29 19:50:02.055 E/installd(  414): system dir 3 : /oem/app/
01-29 19:50:02.065 E/installd(  414): system dir 0 : /system/app/
01-29 19:50:02.065 E/installd(  414): system dir 1 : /system/priv-app/
01-29 19:50:02.065 E/installd(  414): system dir 2 : /vendor/app/
01-29 19:50:02.065 E/installd(  414): system dir 3 : /oem/app/
01-29 19:50:02.075 E/installd(  414): system dir 0 : /system/app/
01-29 19:50:02.075 E/installd(  414): system dir 1 : /system/priv-app/
01-29 19:50:02.075 E/installd(  414): system dir 2 : /vendor/app/
01-29 19:50:02.075 E/installd(  414): system dir 3 : /oem/app/
01-29 19:50:02.095 E/installd(  414): system dir 0 : /system/app/
01-29 19:50:02.095 E/installd(  414): system dir 1 : /system/priv-app/
01-29 19:50:02.095 E/installd(  414): system dir 2 : /vendor/app/
01-29 19:50:02.095 E/installd(  414): system dir 3 : /oem/app/
01-29 19:50:02.125 E/installd(  414): system dir 0 : /system/app/
01-29 19:50:02.125 E/installd(  414): system dir 1 : /system/priv-app/
01-29 19:50:02.125 E/installd(  414): system dir 2 : /vendor/app/
01-29 19:50:02.125 E/installd(  414): system dir 3 : /oem/app/
01-29 19:50:02.215 E/installd(  414): system dir 0 : /system/app/
01-29 19:50:02.215 E/installd(  414): system dir 1 : /system/priv-app/
01-29 19:50:02.215 E/installd(  414): system dir 2 : /vendor/app/
01-29 19:50:02.215 E/installd(  414): system dir 3 : /oem/app/
01-29 19:50:02.255 E/installd(  414): system dir 0 : /system/app/
01-29 19:50:02.255 E/installd(  414): system dir 1 : /system/priv-app/
01-29 19:50:02.255 E/installd(  414): system dir 2 : /vendor/app/
01-29 19:50:02.255 E/installd(  414): system dir 3 : /oem/app/
01-29 19:50:02.265 E/installd(  414): system dir 0 : /system/app/
01-29 19:50:02.265 E/installd(  414): system dir 1 : /system/priv-app/
01-29 19:50:02.265 E/installd(  414): system dir 2 : /vendor/app/
01-29 19:50:02.265 E/installd(  414): system dir 3 : /oem/app/
01-29 19:50:02.275 E/installd(  414): system dir 0 : /system/app/
01-29 19:50:02.275 E/installd(  414): system dir 1 : /system/priv-app/
01-29 19:50:02.275 E/installd(  414): system dir 2 : /vendor/app/
01-29 19:50:02.275 E/installd(  414): system dir 3 : /oem/app/
01-29 19:50:02.285 E/installd(  414): system dir 0 : /system/app/
01-29 19:50:02.285 E/installd(  414): system dir 1 : /system/priv-app/
01-29 19:50:02.285 E/installd(  414): system dir 2 : /vendor/app/
01-29 19:50:02.285 E/installd(  414): system dir 3 : /oem/app/
01-29 19:50:02.295 E/installd(  414): system dir 0 : /system/app/
01-29 19:50:02.295 E/installd(  414): system dir 1 : /system/priv-app/
01-29 19:50:02.295 E/installd(  414): system dir 2 : /vendor/app/
01-29 19:50:02.295 E/installd(  414): system dir 3 : /oem/app/
01-29 19:50:02.315 E/installd(  414): system dir 0 : /system/app/
01-29 19:50:02.315 E/installd(  414): system dir 1 : /system/priv-app/
01-29 19:50:02.315 E/installd(  414): system dir 2 : /vendor/app/
01-29 19:50:02.315 E/installd(  414): system dir 3 : /oem/app/
01-29 19:50:02.335 E/installd(  414): system dir 0 : /system/app/
01-29 19:50:02.335 E/installd(  414): system dir 1 : /system/priv-app/
01-29 19:50:02.335 E/installd(  414): system dir 2 : /vendor/app/
01-29 19:50:02.335 E/installd(  414): system dir 3 : /oem/app/
01-29 19:50:02.345 E/installd(  414): system dir 0 : /system/app/
01-29 19:50:02.345 E/installd(  414): system dir 1 : /system/priv-app/
01-29 19:50:02.345 E/installd(  414): system dir 2 : /vendor/app/
01-29 19:50:02.345 E/installd(  414): system dir 3 : /oem/app/
01-29 19:50:02.355 E/installd(  414): system dir 0 : /system/app/
01-29 19:50:02.355 E/installd(  414): system dir 1 : /system/priv-app/
01-29 19:50:02.355 E/installd(  414): system dir 2 : /vendor/app/
01-29 19:50:02.355 E/installd(  414): system dir 3 : /oem/app/
01-29 19:50:02.365 E/installd(  414): system dir 0 : /system/app/
01-29 19:50:02.365 E/installd(  414): system dir 1 : /system/priv-app/
01-29 19:50:02.365 E/installd(  414): system dir 2 : /vendor/app/
01-29 19:50:02.365 E/installd(  414): system dir 3 : /oem/app/
01-29 19:50:02.385 E/installd(  414): system dir 0 : /system/app/
01-29 19:50:02.385 E/installd(  414): system dir 1 : /system/priv-app/
01-29 19:50:02.385 E/installd(  414): system dir 2 : /vendor/app/
01-29 19:50:02.385 E/installd(  414): system dir 3 : /oem/app/
01-29 19:50:02.405 E/installd(  414): system dir 0 : /system/app/
01-29 19:50:02.405 E/installd(  414): system dir 1 : /system/priv-app/
01-29 19:50:02.405 E/installd(  414): system dir 2 : /vendor/app/
01-29 19:50:02.405 E/installd(  414): system dir 3 : /oem/app/
01-29 19:50:21.375 E/ContactsProvider_EventLog( 2653): Flush buffer to file cnt : 8 size : 3Kb duration : 16ms lastUpdatedAfter : 60111 ms mFlush_time_threasold : 2000 mCurrentSize : 1640
01-29 19:50:26.095 E/Watchdog( 1683): !@Sync 10470 [01-29 19:50:26.102]
01-29 19:50:56.095 E/Watchdog( 1683): !@Sync 10471 [01-29 19:50:56.103]
01-29 19:51:16.855 E/NetlinkEvent(  395): NetlinkEvent::FindParam(): Parameter 'LABEL' not found
01-29 19:51:16.855 E/NetlinkEvent(  395): NetlinkEvent::FindParam(): Parameter 'UID' not found
01-29 19:51:16.895 E/Zygote  (19302): v2
01-29 19:51:16.925 E/SPPClientService( 6036): [b] __PingReply__
01-29 19:51:16.995 E/SPPClientService(19302): ShipBuild Binary : True
01-29 19:51:18.095 E/MARsDBManager( 1683): updateDBAll : begin --size 0
01-29 19:51:18.095 E/MARsDBManager( 1683): updateDBAll : end
01-29 19:51:21.505 E/ContactsProvider_EventLog( 2653): Flush buffer to file cnt : 8 size : 3Kb duration : 27ms lastUpdatedAfter : 60128 ms mFlush_time_threasold : 2000 mCurrentSize : 1640
01-29 19:51:26.095 E/Watchdog( 1683): !@Sync 10472 [01-29 19:51:26.105]
01-29 19:51:31.935 E/NetlinkEvent(  395): NetlinkEvent::FindParam(): Parameter 'LABEL' not found
01-29 19:51:31.935 E/NetlinkEvent(  395): NetlinkEvent::FindParam(): Parameter 'UID' not found
01-29 19:51:56.095 E/Watchdog( 1683): !@Sync 10473 [01-29 19:51:56.107]
01-29 19:51:57.705 E/MtpServerJNI( 3391): server is null in send_object_removed
01-29 19:52:21.615 E/ContactsProvider_EventLog( 2653): Flush buffer to file cnt : 8 size : 3Kb duration : 21ms lastUpdatedAfter : 60107 ms mFlush_time_threasold : 2000 mCurrentSize : 1640
01-29 19:52:26.105 E/Watchdog( 1683): !@Sync 10474 [01-29 19:52:26.108]
01-29 19:52:44.335 E/NetlinkEvent(  395): NetlinkEvent::FindParam(): Parameter 'LABEL' not found
01-29 19:52:44.335 E/NetlinkEvent(  395): NetlinkEvent::FindParam(): Parameter 'UID' not found
01-29 19:52:56.105 E/Watchdog( 1683): !@Sync 10475 [01-29 19:52:56.110]
01-29 19:52:59.415 E/NetlinkEvent(  395): NetlinkEvent::FindParam(): Parameter 'LABEL' not found
01-29 19:52:59.415 E/NetlinkEvent(  395): NetlinkEvent::FindParam(): Parameter 'UID' not found
01-29 19:53:21.725 E/ContactsProvider_EventLog( 2653): Flush buffer to file cnt : 8 size : 3Kb duration : 20ms lastUpdatedAfter : 60110 ms mFlush_time_threasold : 2000 mCurrentSize : 1640
01-29 19:53:26.105 E/Watchdog( 1683): !@Sync 10476 [01-29 19:53:26.111]
01-29 19:53:56.105 E/Watchdog( 1683): !@Sync 10477 [01-29 19:53:56.113]
01-29 19:54:18.565 E/MtpServerJNI( 3391): server is null in send_object_removed
01-29 19:54:21.835 E/ContactsProvider_EventLog( 2653): Flush buffer to file cnt : 8 size : 3Kb duration : 15ms lastUpdatedAfter : 60106 ms mFlush_time_threasold : 2000 mCurrentSize : 1640
01-29 19:54:26.105 E/Watchdog( 1683): !@Sync 10478 [01-29 19:54:26.115]
01-29 19:54:56.115 E/Watchdog( 1683): !@Sync 10479 [01-29 19:54:56.116]
01-29 19:55:01.665 E/NetlinkEvent(  395): NetlinkEvent::FindParam(): Parameter 'LABEL' not found
01-29 19:55:01.665 E/NetlinkEvent(  395): NetlinkEvent::FindParam(): Parameter 'UID' not found
01-29 19:55:16.735 E/NetlinkEvent(  395): NetlinkEvent::FindParam(): Parameter 'LABEL' not found
01-29 19:55:16.735 E/NetlinkEvent(  395): NetlinkEvent::FindParam(): Parameter 'UID' not found
01-29 19:55:21.945 E/ContactsProvider_EventLog( 2653): Flush buffer to file cnt : 8 size : 3Kb duration : 18ms lastUpdatedAfter : 60108 ms mFlush_time_threasold : 2000 mCurrentSize : 1640
01-29 19:55:26.115 E/Watchdog( 1683): !@Sync 10480 [01-29 19:55:26.118]
01-29 19:55:56.115 E/Watchdog( 1683): !@Sync 10481 [01-29 19:55:56.120]
01-29 19:56:21.955 E/ContactsProvider_EventLog( 2653): Flush buffer to file cnt : 8 size : 3Kb duration : 14ms lastUpdatedAfter : 60010 ms mFlush_time_threasold : 2000 mCurrentSize : 1640
01-29 19:56:26.115 E/Watchdog( 1683): !@Sync 10482 [01-29 19:56:26.121]
01-29 19:56:56.115 E/Watchdog( 1683): !@Sync 10483 [01-29 19:56:56.123]
01-29 19:57:09.615 E/MtpServerJNI( 3391): server is null in send_object_removed
01-29 19:57:21.975 E/ContactsProvider_EventLog( 2653): Flush buffer to file cnt : 8 size : 3Kb duration : 17ms lastUpdatedAfter : 60017 ms mFlush_time_threasold : 2000 mCurrentSize : 1640
01-29 19:57:26.115 E/Watchdog( 1683): !@Sync 10484 [01-29 19:57:26.125]
01-29 19:57:56.115 E/Watchdog( 1683): !@Sync 10485 [01-29 19:57:56.126]
01-29 19:58:22.095 E/ContactsProvider_EventLog( 2653): Flush buffer to file cnt : 8 size : 3Kb duration : 19ms lastUpdatedAfter : 60113 ms mFlush_time_threasold : 2000 mCurrentSize : 1640
01-29 19:58:26.115 E/Watchdog( 1683): !@Sync 10486 [01-29 19:58:26.128]
01-29 19:58:43.945 E/NetlinkEvent(  395): NetlinkEvent::FindParam(): Parameter 'LABEL' not found
01-29 19:58:43.945 E/NetlinkEvent(  395): NetlinkEvent::FindParam(): Parameter 'UID' not found
01-29 19:58:45.055 E/VasQuickUpdateEngine_Native( 5518): [2019-01-29 19:58:45][1548763125065][error   ][UpdateMainThread:10116][unnamed:572]: CUpdateManager updateAllItem from timer
01-29 19:58:45.085 E/VasQuickUpdateEngine_Native( 5518): [2019-01-29 19:58:45][1548763125091][error   ][UpdateMainThread:10116][unnamed:139]: CTaskSyncTable SendPbRequest seq 30544 sync_mode 1 success
01-29 19:58:45.135 E/VasQuickUpdateEngine_Native( 5518): [2019-01-29 19:58:45][1548763125143][error   ][UpdateMainThread:10116][unnamed:221]: CTaskSyncTable OnPbMsgRecv UpdateItem seq 30544 Count 0
01-29 19:58:45.135 E/VasQuickUpdateEngine_Native( 5518): [2019-01-29 19:58:45][1548763125146][error   ][UpdateMainThread:10116][unnamed:133]: selectAllItems error: itemList = NULL
01-29 19:58:45.145 E/VasQuickUpdateEngine_Native( 5518): [2019-01-29 19:58:45][1548763125150][error   ][UpdateMainThread:10116][unnamed:405]: CTaskSyncTable listShouldUpdate count 0
01-29 19:58:56.125 E/Watchdog( 1683): !@Sync 10487 [01-29 19:58:56.129]
01-29 19:59:00.135 E/NetlinkEvent(  395): NetlinkEvent::FindParam(): Parameter 'LABEL' not found
01-29 19:59:00.135 E/NetlinkEvent(  395): NetlinkEvent::FindParam(): Parameter 'UID' not found
01-29 19:59:22.205 E/ContactsProvider_EventLog( 2653): Flush buffer to file cnt : 8 size : 3Kb duration : 17ms lastUpdatedAfter : 60106 ms mFlush_time_threasold : 2000 mCurrentSize : 1640
01-29 19:59:26.125 E/Watchdog( 1683): !@Sync 10488 [01-29 19:59:26.131]
01-29 19:59:40.525 E/MtpServerJNI( 3391): server is null in send_object_removed
01-29 19:59:56.125 E/Watchdog( 1683): !@Sync 10489 [01-29 19:59:56.133]
01-29 20:00:01.845 E/installd(  414): system dir 0 : /system/app/
01-29 20:00:01.845 E/installd(  414): system dir 1 : /system/priv-app/
01-29 20:00:01.845 E/installd(  414): system dir 2 : /vendor/app/
01-29 20:00:01.845 E/installd(  414): system dir 3 : /oem/app/
01-29 20:00:01.865 E/installd(  414): system dir 0 : /system/app/
01-29 20:00:01.865 E/installd(  414): system dir 1 : /system/priv-app/
01-29 20:00:01.865 E/installd(  414): system dir 2 : /vendor/app/
01-29 20:00:01.865 E/installd(  414): system dir 3 : /oem/app/
01-29 20:00:01.875 E/installd(  414): system dir 0 : /system/app/
01-29 20:00:01.875 E/installd(  414): system dir 1 : /system/priv-app/
01-29 20:00:01.875 E/installd(  414): system dir 2 : /vendor/app/
01-29 20:00:01.875 E/installd(  414): system dir 3 : /oem/app/
01-29 20:00:01.885 E/installd(  414): system dir 0 : /system/app/
01-29 20:00:01.885 E/installd(  414): system dir 1 : /system/priv-app/
01-29 20:00:01.885 E/installd(  414): system dir 2 : /vendor/app/
01-29 20:00:01.885 E/installd(  414): system dir 3 : /oem/app/
01-29 20:00:01.925 E/installd(  414): system dir 0 : /system/app/
01-29 20:00:01.925 E/installd(  414): system dir 1 : /system/priv-app/
01-29 20:00:01.925 E/installd(  414): system dir 2 : /vendor/app/
01-29 20:00:01.925 E/installd(  414): system dir 3 : /oem/app/
01-29 20:00:01.945 E/installd(  414): system dir 0 : /system/app/
01-29 20:00:01.945 E/installd(  414): system dir 1 : /system/priv-app/
01-29 20:00:01.945 E/installd(  414): system dir 2 : /vendor/app/
01-29 20:00:01.945 E/installd(  414): system dir 3 : /oem/app/
01-29 20:00:01.975 E/installd(  414): system dir 0 : /system/app/
01-29 20:00:01.975 E/installd(  414): system dir 1 : /system/priv-app/
01-29 20:00:01.975 E/installd(  414): system dir 2 : /vendor/app/
01-29 20:00:01.975 E/installd(  414): system dir 3 : /oem/app/
01-29 20:00:01.995 E/installd(  414): system dir 0 : /system/app/
01-29 20:00:01.995 E/installd(  414): system dir 1 : /system/priv-app/
01-29 20:00:01.995 E/installd(  414): system dir 2 : /vendor/app/
01-29 20:00:01.995 E/installd(  414): system dir 3 : /oem/app/
01-29 20:00:02.015 E/installd(  414): system dir 0 : /system/app/
01-29 20:00:02.015 E/installd(  414): system dir 1 : /system/priv-app/
01-29 20:00:02.015 E/installd(  414): system dir 2 : /vendor/app/
01-29 20:00:02.015 E/installd(  414): system dir 3 : /oem/app/
01-29 20:00:02.045 E/installd(  414): system dir 0 : /system/app/
01-29 20:00:02.045 E/installd(  414): system dir 1 : /system/priv-app/
01-29 20:00:02.045 E/installd(  414): system dir 2 : /vendor/app/
01-29 20:00:02.045 E/installd(  414): system dir 3 : /oem/app/
01-29 20:00:02.135 E/installd(  414): system dir 0 : /system/app/
01-29 20:00:02.135 E/installd(  414): system dir 1 : /system/priv-app/
01-29 20:00:02.135 E/installd(  414): system dir 2 : /vendor/app/
01-29 20:00:02.135 E/installd(  414): system dir 3 : /oem/app/
01-29 20:00:02.195 E/installd(  414): system dir 0 : /system/app/
01-29 20:00:02.195 E/installd(  414): system dir 1 : /system/priv-app/
01-29 20:00:02.195 E/installd(  414): system dir 2 : /vendor/app/
01-29 20:00:02.195 E/installd(  414): system dir 3 : /oem/app/
01-29 20:00:02.215 E/installd(  414): system dir 0 : /system/app/
01-29 20:00:02.215 E/installd(  414): system dir 1 : /system/priv-app/
01-29 20:00:02.215 E/installd(  414): system dir 2 : /vendor/app/
01-29 20:00:02.215 E/installd(  414): system dir 3 : /oem/app/
01-29 20:00:02.235 E/installd(  414): system dir 0 : /system/app/
01-29 20:00:02.235 E/installd(  414): system dir 1 : /system/priv-app/
01-29 20:00:02.235 E/installd(  414): system dir 2 : /vendor/app/
01-29 20:00:02.235 E/installd(  414): system dir 3 : /oem/app/
01-29 20:00:02.245 E/installd(  414): system dir 0 : /system/app/
01-29 20:00:02.245 E/installd(  414): system dir 1 : /system/priv-app/
01-29 20:00:02.245 E/installd(  414): system dir 2 : /vendor/app/
01-29 20:00:02.245 E/installd(  414): system dir 3 : /oem/app/
01-29 20:00:02.265 E/installd(  414): system dir 0 : /system/app/
01-29 20:00:02.265 E/installd(  414): system dir 1 : /system/priv-app/
01-29 20:00:02.265 E/installd(  414): system dir 2 : /vendor/app/
01-29 20:00:02.265 E/installd(  414): system dir 3 : /oem/app/
01-29 20:00:02.285 E/installd(  414): system dir 0 : /system/app/
01-29 20:00:02.285 E/installd(  414): system dir 1 : /system/priv-app/
01-29 20:00:02.285 E/installd(  414): system dir 2 : /vendor/app/
01-29 20:00:02.285 E/installd(  414): system dir 3 : /oem/app/
01-29 20:00:02.305 E/installd(  414): system dir 0 : /system/app/
01-29 20:00:02.305 E/installd(  414): system dir 1 : /system/priv-app/
01-29 20:00:02.305 E/installd(  414): system dir 2 : /vendor/app/
01-29 20:00:02.305 E/installd(  414): system dir 3 : /oem/app/
01-29 20:00:02.325 E/installd(  414): system dir 0 : /system/app/
01-29 20:00:02.325 E/installd(  414): system dir 1 : /system/priv-app/
01-29 20:00:02.325 E/installd(  414): system dir 2 : /vendor/app/
01-29 20:00:02.325 E/installd(  414): system dir 3 : /oem/app/
01-29 20:00:02.335 E/installd(  414): system dir 0 : /system/app/
01-29 20:00:02.335 E/installd(  414): system dir 1 : /system/priv-app/
01-29 20:00:02.335 E/installd(  414): system dir 2 : /vendor/app/
01-29 20:00:02.335 E/installd(  414): system dir 3 : /oem/app/
01-29 20:00:02.345 E/installd(  414): system dir 0 : /system/app/
01-29 20:00:02.355 E/installd(  414): system dir 1 : /system/priv-app/
01-29 20:00:02.355 E/installd(  414): system dir 2 : /vendor/app/
01-29 20:00:02.355 E/installd(  414): system dir 3 : /oem/app/
01-29 20:00:02.375 E/installd(  414): system dir 0 : /system/app/
01-29 20:00:02.375 E/installd(  414): system dir 1 : /system/priv-app/
01-29 20:00:02.375 E/installd(  414): system dir 2 : /vendor/app/
01-29 20:00:02.375 E/installd(  414): system dir 3 : /oem/app/
01-29 20:00:02.415 E/installd(  414): system dir 0 : /system/app/
01-29 20:00:02.415 E/installd(  414): system dir 1 : /system/priv-app/
01-29 20:00:02.415 E/installd(  414): system dir 2 : /vendor/app/
01-29 20:00:02.415 E/installd(  414): system dir 3 : /oem/app/
01-29 20:00:22.275 E/ContactsProvider_EventLog( 2653): Flush buffer to file cnt : 8 size : 3Kb duration : 19ms lastUpdatedAfter : 60069 ms mFlush_time_threasold : 2000 mCurrentSize : 1640
01-29 20:00:26.125 E/Watchdog( 1683): !@Sync 10490 [01-29 20:00:26.134]
01-29 20:00:56.125 E/Watchdog( 1683): !@Sync 10491 [01-29 20:00:56.136]
01-29 20:01:22.385 E/ContactsProvider_EventLog( 2653): Flush buffer to file cnt : 8 size : 3Kb duration : 15ms lastUpdatedAfter : 60109 ms mFlush_time_threasold : 2000 mCurrentSize : 1640
01-29 20:01:26.125 E/Watchdog( 1683): !@Sync 10492 [01-29 20:01:26.137]
01-29 20:01:56.135 E/Watchdog( 1683): !@Sync 10493 [01-29 20:01:56.139]
01-29 20:02:21.525 E/MtpServerJNI( 3391): server is null in send_object_removed
01-29 20:02:22.425 E/ContactsProvider_EventLog( 2653): Flush buffer to file cnt : 8 size : 3Kb duration : 17ms lastUpdatedAfter : 60042 ms mFlush_time_threasold : 2000 mCurrentSize : 1640
01-29 20:02:24.365 E/NetlinkEvent(  395): NetlinkEvent::FindParam(): Parameter 'LABEL' not found
01-29 20:02:24.365 E/NetlinkEvent(  395): NetlinkEvent::FindParam(): Parameter 'UID' not found
01-29 20:02:26.135 E/Watchdog( 1683): !@Sync 10494 [01-29 20:02:26.141]
01-29 20:02:39.455 E/NetlinkEvent(  395): NetlinkEvent::FindParam(): Parameter 'LABEL' not found
01-29 20:02:39.455 E/NetlinkEvent(  395): NetlinkEvent::FindParam(): Parameter 'UID' not found
01-29 20:02:56.135 E/Watchdog( 1683): !@Sync 10495 [01-29 20:02:56.142]
01-29 20:03:18.095 E/MARsDBManager( 1683): updateDBAll : begin --size 1
01-29 20:03:18.125 E/Zygote  (19370): v2
01-29 20:03:18.295 E/MARsDBManager( 1683): updateDBAll : end
01-29 20:03:22.545 E/ContactsProvider_EventLog( 2653): Flush buffer to file cnt : 8 size : 3Kb duration : 18ms lastUpdatedAfter : 60113 ms mFlush_time_threasold : 2000 mCurrentSize : 1640
01-29 20:03:26.135 E/Watchdog( 1683): !@Sync 10496 [01-29 20:03:26.144]
01-29 20:03:56.145 E/Watchdog( 1683): !@Sync 10497 [01-29 20:03:56.146]
01-29 20:04:22.585 E/ContactsProvider_EventLog( 2653): Flush buffer to file cnt : 8 size : 3Kb duration : 14ms lastUpdatedAfter : 60040 ms mFlush_time_threasold : 2000 mCurrentSize : 1640
01-29 20:04:26.145 E/Watchdog( 1683): !@Sync 10498 [01-29 20:04:26.147]
01-29 20:04:56.145 E/Watchdog( 1683): !@Sync 10499 [01-29 20:04:56.149]
01-29 20:05:01.675 E/NetlinkEvent(  395): NetlinkEvent::FindParam(): Parameter 'LABEL' not found
01-29 20:05:01.675 E/NetlinkEvent(  395): NetlinkEvent::FindParam(): Parameter 'UID' not found
01-29 20:05:16.735 E/NetlinkEvent(  395): NetlinkEvent::FindParam(): Parameter 'LABEL' not found
01-29 20:05:16.735 E/NetlinkEvent(  395): NetlinkEvent::FindParam(): Parameter 'UID' not found
01-29 20:05:22.605 E/MtpServerJNI( 3391): server is null in send_object_removed
01-29 20:05:22.705 E/ContactsProvider_EventLog( 2653): Flush buffer to file cnt : 8 size : 3Kb duration : 21ms lastUpdatedAfter : 60117 ms mFlush_time_threasold : 2000 mCurrentSize : 1640
01-29 20:05:26.145 E/Watchdog( 1683): !@Sync 10500 [01-29 20:05:26.150]
01-29 20:05:56.145 E/Watchdog( 1683): !@Sync 10501 [01-29 20:05:56.152]
01-29 20:06:22.815 E/ContactsProvider_EventLog( 2653): Flush buffer to file cnt : 8 size : 3Kb duration : 17ms lastUpdatedAfter : 60108 ms mFlush_time_threasold : 2000 mCurrentSize : 1640
01-29 20:06:26.145 E/Watchdog( 1683): !@Sync 10502 [01-29 20:06:26.154]
01-29 20:06:56.145 E/Watchdog( 1683): !@Sync 10503 [01-29 20:06:56.155]
01-29 20:07:22.845 E/ContactsProvider_EventLog( 2653): Flush buffer to file cnt : 8 size : 3Kb duration : 15ms lastUpdatedAfter : 60029 ms mFlush_time_threasold : 2000 mCurrentSize : 1640
01-29 20:07:26.155 E/Watchdog( 1683): !@Sync 10504 [01-29 20:07:26.157]
01-29 20:07:53.535 E/MtpServerJNI( 3391): server is null in send_object_removed
01-29 20:07:56.155 E/Watchdog( 1683): !@Sync 10505 [01-29 20:07:56.159]
01-29 20:08:22.975 E/ContactsProvider_EventLog( 2653): Flush buffer to file cnt : 8 size : 3Kb duration : 26ms lastUpdatedAfter : 60123 ms mFlush_time_threasold : 2000 mCurrentSize : 1640
01-29 20:08:26.155 E/Watchdog( 1683): !@Sync 10506 [01-29 20:08:26.161]
01-29 20:08:44.045 E/NetlinkEvent(  395): NetlinkEvent::FindParam(): Parameter 'LABEL' not found
01-29 20:08:44.045 E/NetlinkEvent(  395): NetlinkEvent::FindParam(): Parameter 'UID' not found
01-29 20:08:56.155 E/Watchdog( 1683): !@Sync 10507 [01-29 20:08:56.162]
01-29 20:08:59.135 E/NetlinkEvent(  395): NetlinkEvent::FindParam(): Parameter 'LABEL' not found
01-29 20:08:59.135 E/NetlinkEvent(  395): NetlinkEvent::FindParam(): Parameter 'UID' not found
01-29 20:09:23.075 E/ContactsProvider_EventLog( 2653): Flush buffer to file cnt : 8 size : 3Kb duration : 19ms lastUpdatedAfter : 60103 ms mFlush_time_threasold : 2000 mCurrentSize : 1640
01-29 20:09:26.155 E/Watchdog( 1683): !@Sync 10508 [01-29 20:09:26.164]
01-29 20:09:31.905 E/installd(  414): system dir 0 : /system/app/
01-29 20:09:31.905 E/installd(  414): system dir 1 : /system/priv-app/
01-29 20:09:31.905 E/installd(  414): system dir 2 : /vendor/app/
01-29 20:09:31.905 E/installd(  414): system dir 3 : /oem/app/
01-29 20:09:31.925 E/installd(  414): system dir 0 : /system/app/
01-29 20:09:31.925 E/installd(  414): system dir 1 : /system/priv-app/
01-29 20:09:31.925 E/installd(  414): system dir 2 : /vendor/app/
01-29 20:09:31.925 E/installd(  414): system dir 3 : /oem/app/
01-29 20:09:31.935 E/SPPClientService( 6036): [[PushClientService]] F:false, D:false, E:false, T:false, S:true, R:false
01-29 20:09:31.935 E/installd(  414): system dir 0 : /system/app/
01-29 20:09:31.945 E/installd(  414): system dir 1 : /system/priv-app/
01-29 20:09:31.945 E/installd(  414): system dir 2 : /vendor/app/
01-29 20:09:31.945 E/installd(  414): system dir 3 : /oem/app/
01-29 20:09:31.965 E/installd(  414): system dir 0 : /system/app/
01-29 20:09:31.965 E/installd(  414): system dir 1 : /system/priv-app/
01-29 20:09:31.965 E/installd(  414): system dir 2 : /vendor/app/
01-29 20:09:31.965 E/installd(  414): system dir 3 : /oem/app/
01-29 20:09:31.995 E/installd(  414): system dir 0 : /system/app/
01-29 20:09:31.995 E/installd(  414): system dir 1 : /system/priv-app/
01-29 20:09:31.995 E/installd(  414): system dir 2 : /vendor/app/
01-29 20:09:31.995 E/installd(  414): system dir 3 : /oem/app/
01-29 20:09:32.015 E/installd(  414): system dir 0 : /system/app/
01-29 20:09:32.015 E/installd(  414): system dir 1 : /system/priv-app/
01-29 20:09:32.015 E/installd(  414): system dir 2 : /vendor/app/
01-29 20:09:32.015 E/installd(  414): system dir 3 : /oem/app/
01-29 20:09:32.025 E/installd(  414): system dir 0 : /system/app/
01-29 20:09:32.025 E/installd(  414): system dir 1 : /system/priv-app/
01-29 20:09:32.025 E/installd(  414): system dir 2 : /vendor/app/
01-29 20:09:32.025 E/installd(  414): system dir 3 : /oem/app/
01-29 20:09:32.035 E/installd(  414): system dir 0 : /system/app/
01-29 20:09:32.035 E/installd(  414): system dir 1 : /system/priv-app/
01-29 20:09:32.035 E/installd(  414): system dir 2 : /vendor/app/
01-29 20:09:32.035 E/installd(  414): system dir 3 : /oem/app/
01-29 20:09:32.055 E/installd(  414): system dir 0 : /system/app/
01-29 20:09:32.055 E/installd(  414): system dir 1 : /system/priv-app/
01-29 20:09:32.055 E/installd(  414): system dir 2 : /vendor/app/
01-29 20:09:32.055 E/installd(  414): system dir 3 : /oem/app/
01-29 20:09:32.085 E/installd(  414): system dir 0 : /system/app/
01-29 20:09:32.085 E/installd(  414): system dir 1 : /system/priv-app/
01-29 20:09:32.085 E/installd(  414): system dir 2 : /vendor/app/
01-29 20:09:32.085 E/installd(  414): system dir 3 : /oem/app/
01-29 20:09:32.215 E/installd(  414): system dir 0 : /system/app/
01-29 20:09:32.215 E/installd(  414): system dir 1 : /system/priv-app/
01-29 20:09:32.215 E/installd(  414): system dir 2 : /vendor/app/
01-29 20:09:32.215 E/installd(  414): system dir 3 : /oem/app/
01-29 20:09:32.285 E/installd(  414): system dir 0 : /system/app/
01-29 20:09:32.285 E/installd(  414): system dir 1 : /system/priv-app/
01-29 20:09:32.285 E/installd(  414): system dir 2 : /vendor/app/
01-29 20:09:32.285 E/installd(  414): system dir 3 : /oem/app/
01-29 20:09:32.295 E/installd(  414): system dir 0 : /system/app/
01-29 20:09:32.295 E/installd(  414): system dir 1 : /system/priv-app/
01-29 20:09:32.295 E/installd(  414): system dir 2 : /vendor/app/
01-29 20:09:32.295 E/installd(  414): system dir 3 : /oem/app/
01-29 20:09:32.315 E/installd(  414): system dir 0 : /system/app/
01-29 20:09:32.315 E/installd(  414): system dir 1 : /system/priv-app/
01-29 20:09:32.315 E/installd(  414): system dir 2 : /vendor/app/
01-29 20:09:32.315 E/installd(  414): system dir 3 : /oem/app/
01-29 20:09:32.335 E/installd(  414): system dir 0 : /system/app/
01-29 20:09:32.335 E/installd(  414): system dir 1 : /system/priv-app/
01-29 20:09:32.335 E/installd(  414): system dir 2 : /vendor/app/
01-29 20:09:32.335 E/installd(  414): system dir 3 : /oem/app/
01-29 20:09:32.355 E/installd(  414): system dir 0 : /system/app/
01-29 20:09:32.355 E/installd(  414): system dir 1 : /system/priv-app/
01-29 20:09:32.355 E/installd(  414): system dir 2 : /vendor/app/
01-29 20:09:32.355 E/installd(  414): system dir 3 : /oem/app/
01-29 20:09:32.375 E/installd(  414): system dir 0 : /system/app/
01-29 20:09:32.375 E/installd(  414): system dir 1 : /system/priv-app/
01-29 20:09:32.375 E/installd(  414): system dir 2 : /vendor/app/
01-29 20:09:32.375 E/installd(  414): system dir 3 : /oem/app/
01-29 20:09:32.395 E/installd(  414): system dir 0 : /system/app/
01-29 20:09:32.395 E/installd(  414): system dir 1 : /system/priv-app/
01-29 20:09:32.395 E/installd(  414): system dir 2 : /vendor/app/
01-29 20:09:32.395 E/installd(  414): system dir 3 : /oem/app/
01-29 20:09:32.415 E/installd(  414): system dir 0 : /system/app/
01-29 20:09:32.415 E/installd(  414): system dir 1 : /system/priv-app/
01-29 20:09:32.415 E/installd(  414): system dir 2 : /vendor/app/
01-29 20:09:32.415 E/installd(  414): system dir 3 : /oem/app/
01-29 20:09:32.425 E/installd(  414): system dir 0 : /system/app/
01-29 20:09:32.425 E/installd(  414): system dir 1 : /system/priv-app/
01-29 20:09:32.425 E/installd(  414): system dir 2 : /vendor/app/
01-29 20:09:32.425 E/installd(  414): system dir 3 : /oem/app/
01-29 20:09:32.445 E/installd(  414): system dir 0 : /system/app/
01-29 20:09:32.445 E/installd(  414): system dir 1 : /system/priv-app/
01-29 20:09:32.445 E/installd(  414): system dir 2 : /vendor/app/
01-29 20:09:32.445 E/installd(  414): system dir 3 : /oem/app/
01-29 20:09:32.475 E/installd(  414): system dir 0 : /system/app/
01-29 20:09:32.475 E/installd(  414): system dir 1 : /system/priv-app/
01-29 20:09:32.475 E/installd(  414): system dir 2 : /vendor/app/
01-29 20:09:32.475 E/installd(  414): system dir 3 : /oem/app/
01-29 20:09:32.515 E/installd(  414): system dir 0 : /system/app/
01-29 20:09:32.515 E/installd(  414): system dir 1 : /system/priv-app/
01-29 20:09:32.515 E/installd(  414): system dir 2 : /vendor/app/
01-29 20:09:32.515 E/installd(  414): system dir 3 : /oem/app/
01-29 20:09:56.155 E/Watchdog( 1683): !@Sync 10509 [01-29 20:09:56.165]
01-29 20:10:01.045 E/NetlinkEvent(  395): NetlinkEvent::FindParam(): Parameter 'LABEL' not found
01-29 20:10:01.045 E/NetlinkEvent(  395): NetlinkEvent::FindParam(): Parameter 'UID' not found
2.355 E/installd(  414): system dir 3 : /oem/app/
01-29 20:09:32.375 E/installd(  414): system dir 0 : /system/app/
01-29 20:09:32.375 E/installd(  414): system dir 1 : /system/priv-app/
01-29 20:09:32.375 E/installd(  414): system dir 2 : /vendor/app/
01-29 20:09:32.375 E/installd(  414): system dir 3 : /oem/app/
01-29 20:09:32.395 E/installd(  414): system dir 0 : /system/app/
01-29 20:09:32.395 E/installd(  414): system dir 1 : /system/priv-app/
01-29 20:09:32.395 E/installd(  414): system dir 2 : /vendor/app/
01-29 20:09:32.395 E/installd(  414): system dir 3 : /oem/app/
01-29 20:09:32.415 E/installd(  414): system dir 0 : /system/app/
01-29 20:09:32.415 E/installd(  414): system dir 1 : /system/priv-app/
01-29 20:09:32.415 E/installd(  414): system dir 2 : /vendor/app/
01-29 20:09:32.415 E/installd(  414): system dir 3 : /oem/app/
01-29 20:09:32.425 E/installd(  414): system dir 0 : /system/app/
01-29 20:09:32.425 E/installd(  414): system dir 1 : /system/priv-app/
01-29 20:09:32.425 E/installd(  414): system dir 2 : /vendor/app/
01-29 20:09:32.425 E/installd(  414): system dir 3 : /oem/app/
01-29 20:09:32.445 E/installd(  414): system dir 0 : /system/app/
01-29 20:09:32.445 E/installd(  414): system dir 1 : /system/priv-app/
01-29 20:09:32.445 E/installd(  414): system dir 2 : /vendor/app/
01-29 20:09:32.445 E/installd(  414): system dir 3 : /oem/app/
01-29 20:09:32.475 E/installd(  414): system dir 0 : /system/app/
01-29 20:09:32.475 E/installd(  414): system dir 1 : /system/priv-app/
01-29 20:09:32.475 E/installd(  414): system dir 2 : /vendor/app/
01-29 20:09:32.475 E/installd(  414): system dir 3 : /oem/app/
01-29 20:09:32.515 E/installd(  414): system dir 0 : /system/app/
01-29 20:09:32.515 E/installd(  414): system dir 1 : /system/priv-app/
01-29 20:09:32.515 E/installd(  414): system dir 2 : /vendor/app/
01-29 20:09:32.515 E/installd(  414): system dir 3 : /oem/app/
01-29 20:09:56.155 E/Watchdog( 1683): !@Sync 10509 [01-29 20:09:56.165]
01-29 20:10:01.045 E/NetlinkEvent(  395): NetlinkEvent::FindParam(): Parameter 'LABEL' not found
01-29 20:10:01.045 E/NetlinkEvent(  395): NetlinkEvent::FindParam(): Parameter 'UID' not found
MtpServerJNI( 3391): server is null in send_object_removed
01-29 19:26:56.015 E/Watchdog( 1683): !@Sync 10423 [01-29 19:26:56.025]
01-29 19:27:18.085 E/MARsDBManager( 1683): updateDBAll : begin --size 0
01-29 19:27:18.085 E/MARsDBManager( 1683): updateDBAll : end
01-29 19:27:19.225 E/ContactsProvider_EventLog( 2653): Flush buffer to file cnt : 8 size : 3Kb duration : 16ms lastUpdatedAfter : 60114 ms mFlush_time_threasold : 2000 mCurrentSize : 1640
01-29 19:27:26.015 E/Watchdog( 1683): !@Sync 10424 [01-29 19:27:26.027]
01-29 19:27:56.025 E/Watchdog( 1683): !@Sync 10425 [01-29 19:27:56.028]
01-29 19:28:19.335 E/ContactsProvider_EventLog( 2653): Flush buffer to file cnt : 8 size : 3Kb duration : 18ms lastUpdatedAfter : 60112 ms mFlush_time_threasold : 2000 mCurrentSize : 1640
01-29 19:28:26.025 E/Watchdog( 1683): !@Sync 10426 [01-29 19:28:26.030]
01-29 19:28:43.735 E/NetlinkEvent(  395): NetlinkEvent::FindParam(): Parameter 'LABEL' not found
01-29 19:28:43.735 E/NetlinkEvent(  395): NetlinkEvent::FindParam(): Parameter 'UID' not found
01-29 19:28:56.025 E/Watchdog( 1683): !@Sync 10427 [01-29 19:28:56.032]
01-29 19:28:58.815 E/NetlinkEvent(  395): NetlinkEvent::FindParam(): Parameter 'LABEL' not found
01-29 19:28:58.815 E/NetlinkEvent(  395): NetlinkEvent::FindParam(): Parameter 'UID' not found
01-29 19:29:19.355 E/ContactsProvider_EventLog( 2653): Flush buffer to file cnt : 8 size : 3Kb duration : 18ms lastUpdatedAfter : 60019 ms mFlush_time_threasold : 2000 mCurrentSize : 1640
01-29 19:29:26.025 E/Watchdog( 1683): !@Sync 10428 [01-29 19:29:26.033]
01-29 19:29:39.545 E/MtpServerJNI( 3391): server is null in send_object_removed
01-29 19:29:56.025 E/Watchdog( 1683): !@Sync 10429 [01-29 19:29:56.035]
01-29 19:30:01.055 E/NetlinkEvent(  395): NetlinkEvent::FindParam(): Parameter 'LABEL' not found
01-29 19:30:01.055 E/NetlinkEvent(  395): NetlinkEvent::FindParam(): Parameter 'UID' not found
01-29 19:30:01.795 E/installd(  414): system dir 0 : /system/app/
01-29 19:30:01.795 E/installd(  414): system dir 1 : /system/priv-app/
01-29 19:30:01.795 E/installd(  414): system dir 2 : /vendor/app/
01-29 19:30:01.795 E/installd(  414): system dir 3 : /oem/app/
01-29 19:30:01.815 E/installd(  414): system dir 0 : /system/app/
01-29 19:30:01.815 E/installd(  414): system dir 1 : /system/priv-app/
01-29 19:30:01.815 E/installd(  414): system dir 2 : /vendor/app/
01-29 19:30:01.815 E/installd(  414): system dir 3 : /oem/app/
01-29 19:30:01.835 E/installd(  414): system dir 0 : /system/app/
01-29 19:30:01.835 E/installd(  414): system dir 1 : /system/priv-app/
01-29 19:30:01.835 E/installd(  414): system dir 2 : /vendor/app/
01-29 19:30:01.835 E/installd(  414): system dir 3 : /oem/app/
01-29 19:30:01.845 E/installd(  414): system dir 0 : /system/app/
01-29 19:30:01.845 E/installd(  414): system dir 1 : /system/priv-app/
01-29 19:30:01.845 E/installd(  414): system dir 2 : /vendor/app/
