01-29 19:17:28.715 E/MotionRecognitionService( 1683):  handler : SCREEN_OFF end 
01-29 19:17:28.735 E/ucsBai_agentService( 2929): notifyChange NOT SUPPORTED
01-29 19:17:28.795 E/WifiNative-wlan0( 1683): do suspend true
01-29 19:17:29.035 E/BtGatt.GattService( 3542): [GSIM LOG]: gsimLogHandler: com.samsung.android.beaconmanager, msg: MESSAGE_STOP_SCAN
01-29 19:17:29.065 E/SamsungIME( 4145): invoke(): method is null
01-29 19:17:29.125 E/TranscodeReceiver( 8304): onReceive : android.intent.action.SCREEN_OFF
01-29 19:17:29.245 E/PhoneInterfaceManager( 2324): [PhoneIntfMgr] getIccId: ICC ID is null or empty.
01-29 19:17:29.395 E/BtGatt.GattService( 3542): [GSIM LOG]: gsimLogHandler: com.samsung.android.beaconmanager, msg: MESSAGE_START_SCAN
01-29 19:17:29.435 E/BtGatt.ScanManager( 3542): default value of curScanSetting 0 is choosen
01-29 19:17:29.485 E/ConnectivityService( 1683): RemoteException caught trying to send a callback msg for NetworkRequest [ id=233, legacyType=-1, [ Capabilities: INTERNET&NOT_RESTRICTED&TRUSTED] ]
01-29 19:17:29.485 E/ConnectivityService( 1683): RemoteException caught trying to send a callback msg for NetworkRequest [ id=232, legacyType=-1, [ Capabilities: INTERNET&NOT_RESTRICTED&TRUSTED] ]
01-29 19:17:29.595 E/PushWatcherReceiver(18574): [PushWatcherReceiver] onReceive() android.intent.action.SCREEN_OFF
01-29 19:17:29.605 E/ee      (18574): [ee] videoPushSwitch false
01-29 19:17:32.015 E/installd(  414): system dir 0 : /system/app/
01-29 19:17:32.015 E/installd(  414): system dir 1 : /system/priv-app/
01-29 19:17:32.015 E/installd(  414): system dir 2 : /vendor/app/
01-29 19:17:32.015 E/installd(  414): system dir 3 : /oem/app/
01-29 19:17:32.045 E/installd(  414): system dir 0 : /system/app/
01-29 19:17:32.045 E/installd(  414): system dir 1 : /system/priv-app/
01-29 19:17:32.045 E/installd(  414): system dir 2 : /vendor/app/
01-29 19:17:32.045 E/installd(  414): system dir 3 : /oem/app/
01-29 19:17:32.065 E/installd(  414): system dir 0 : /system/app/
01-29 19:17:32.065 E/installd(  414): system dir 1 : /system/priv-app/
01-29 19:17:32.065 E/installd(  414): system dir 2 : /vendor/app/
01-29 19:17:32.065 E/installd(  414): system dir 3 : /oem/app/
01-29 19:17:32.085 E/installd(  414): system dir 0 : /system/app/
01-29 19:17:32.085 E/installd(  414): system dir 1 : /system/priv-app/
01-29 19:17:32.085 E/installd(  414): system dir 2 : /vendor/app/
01-29 19:17:32.085 E/installd(  414): system dir 3 : /oem/app/
01-29 19:17:32.115 E/installd(  414): system dir 0 : /system/app/
01-29 19:17:32.115 E/installd(  414): system dir 1 : /system/priv-app/
01-29 19:17:32.115 E/installd(  414): system dir 2 : /vendor/app/
01-29 19:17:32.115 E/installd(  414): system dir 3 : /oem/app/
01-29 19:17:32.135 E/installd(  414): system dir 0 : /system/app/
01-29 19:17:32.135 E/installd(  414): system dir 1 : /system/priv-app/
01-29 19:17:32.135 E/installd(  414): system dir 2 : /vendor/app/
01-29 19:17:32.135 E/installd(  414): system dir 3 : /oem/app/
01-29 19:17:32.155 E/installd(  414): system dir 0 : /system/app/
01-29 19:17:32.155 E/installd(  414): system dir 1 : /system/priv-app/
01-29 19:17:32.155 E/installd(  414): system dir 2 : /vendor/app/
01-29 19:17:32.155 E/installd(  414): system dir 3 : /oem/app/
01-29 19:17:32.165 E/installd(  414): system dir 0 : /system/app/
01-29 19:17:32.165 E/installd(  414): system dir 1 : /system/priv-app/
01-29 19:17:32.165 E/installd(  414): system dir 2 : /vendor/app/
01-29 19:17:32.165 E/installd(  414): system dir 3 : /oem/app/
01-29 19:17:32.185 E/installd(  414): system dir 0 : /system/app/
01-29 19:17:32.185 E/installd(  414): system dir 1 : /system/priv-app/
01-29 19:17:32.185 E/installd(  414): system dir 2 : /vendor/app/
01-29 19:17:32.185 E/installd(  414): system dir 3 : /oem/app/
01-29 19:17:32.215 E/installd(  414): system dir 0 : /system/app/
01-29 19:17:32.215 E/installd(  414): system dir 1 : /system/priv-app/
01-29 19:17:32.215 E/installd(  414): system dir 2 : /vendor/app/
01-29 19:17:32.215 E/installd(  414): system dir 3 : /oem/app/
01-29 19:17:32.305 E/installd(  414): system dir 0 : /system/app/
01-29 19:17:32.305 E/installd(  414): system dir 1 : /system/priv-app/
01-29 19:17:32.305 E/installd(  414): system dir 2 : /vendor/app/
01-29 19:17:32.305 E/installd(  414): system dir 3 : /oem/app/
01-29 19:17:32.345 E/installd(  414): system dir 0 : /system/app/
01-29 19:17:32.345 E/installd(  414): system dir 1 : /system/priv-app/
01-29 19:17:32.345 E/installd(  414): system dir 2 : /vendor/app/
01-29 19:17:32.345 E/installd(  414): system dir 3 : /oem/app/
01-29 19:17:32.355 E/installd(  414): system dir 0 : /system/app/
01-29 19:17:32.355 E/installd(  414): system dir 1 : /system/priv-app/
01-29 19:17:32.355 E/installd(  414): system dir 2 : /vendor/app/
01-29 19:17:32.355 E/installd(  414): system dir 3 : /oem/app/
01-29 19:17:32.375 E/installd(  414): system dir 0 : /system/app/
01-29 19:17:32.375 E/installd(  414): system dir 1 : /system/priv-app/
01-29 19:17:32.375 E/installd(  414): system dir 2 : /vendor/app/
01-29 19:17:32.375 E/installd(  414): system dir 3 : /oem/app/
01-29 19:17:32.385 E/installd(  414): system dir 0 : /system/app/
01-29 19:17:32.385 E/installd(  414): system dir 1 : /system/priv-app/
01-29 19:17:32.385 E/installd(  414): system dir 2 : /vendor/app/
01-29 19:17:32.385 E/installd(  414): system dir 3 : /oem/app/
01-29 19:17:32.405 E/installd(  414): system dir 0 : /system/app/
01-29 19:17:32.405 E/installd(  414): system dir 1 : /system/priv-app/
01-29 19:17:32.405 E/installd(  414): system dir 2 : /vendor/app/
01-29 19:17:32.405 E/installd(  414): system dir 3 : /oem/app/
01-29 19:17:32.425 E/installd(  414): system dir 0 : /system/app/
01-29 19:17:32.425 E/installd(  414): system dir 1 : /system/priv-app/
01-29 19:17:32.425 E/installd(  414): system dir 2 : /vendor/app/
01-29 19:17:32.425 E/installd(  414): system dir 3 : /oem/app/
01-29 19:17:32.445 E/installd(  414): system dir 0 : /system/app/
01-29 19:17:32.445 E/installd(  414): system dir 1 : /system/priv-app/
01-29 19:17:32.445 E/installd(  414): system dir 2 : /vendor/app/
01-29 19:17:32.445 E/installd(  414): system dir 3 : /oem/app/
01-29 19:17:32.455 E/installd(  414): system dir 0 : /system/app/
01-29 19:17:32.455 E/installd(  414): system dir 1 : /system/priv-app/
01-29 19:17:32.455 E/installd(  414): system dir 2 : /vendor/app/
01-29 19:17:32.455 E/installd(  414): system dir 3 : /oem/app/
01-29 19:17:32.465 E/installd(  414): system dir 0 : /system/app/
01-29 19:17:32.465 E/installd(  414): system dir 1 : /system/priv-app/
01-29 19:17:32.465 E/installd(  414): system dir 2 : /vendor/app/
01-29 19:17:32.465 E/installd(  414): system dir 3 : /oem/app/
01-29 19:17:32.475 E/installd(  414): system dir 0 : /system/app/
01-29 19:17:32.475 E/installd(  414): system dir 1 : /system/priv-app/
01-29 19:17:32.475 E/installd(  414): system dir 2 : /vendor/app/
01-29 19:17:32.475 E/installd(  414): system dir 3 : /oem/app/
01-29 19:17:32.505 E/installd(  414): system dir 0 : /system/app/
01-29 19:17:32.505 E/installd(  414): system dir 1 : /system/priv-app/
01-29 19:17:32.505 E/installd(  414): system dir 2 : /vendor/app/
01-29 19:17:32.505 E/installd(  414): system dir 3 : /oem/app/
01-29 19:17:32.525 E/installd(  414): system dir 0 : /system/app/
01-29 19:17:32.525 E/installd(  414): system dir 1 : /system/priv-app/
01-29 19:17:32.525 E/installd(  414): system dir 2 : /vendor/app/
01-29 19:17:32.525 E/installd(  414): system dir 3 : /oem/app/
01-29 19:17:34.325 E/MARsPolicyManager( 1683): Package: com.tencent.android.qqdownloader hostingType: broadcast is Restricted by policy: autorunpolicy(4) caller is: null
01-29 19:17:34.345 E/MARsPolicyManager( 1683): Package: com.tencent.android.qqdownloader hostingType: broadcast is Restricted by policy: autorunpolicy(4) caller is: null
01-29 19:17:34.485 E/ConnectivityService( 1683): RemoteException caught trying to send a callback msg for NetworkRequest [ id=230, legacyType=-1, [ Capabilities: INTERNET&NOT_RESTRICTED&TRUSTED] ]
01-29 19:17:34.485 E/ConnectivityService( 1683): RemoteException caught trying to send a callback msg for NetworkRequest [ id=231, legacyType=-1, [ Capabilities: INTERNET&NOT_RESTRICTED&TRUSTED] ]
01-29 19:17:50.295 E/NetlinkEvent(  395): NetlinkEvent::FindParam(): Parameter 'LABEL' not found
01-29 19:17:50.295 E/NetlinkEvent(  395): NetlinkEvent::FindParam(): Parameter 'UID' not found
01-29 19:17:55.985 E/Watchdog( 1683): !@Sync 10405 [01-29 19:17:55.996]
01-29 19:18:18.325 E/ContactsProvider_EventLog( 2653): Flush buffer to file cnt : 8 size : 3Kb duration : 17ms lastUpdatedAfter : 60116 ms mFlush_time_threasold : 2000 mCurrentSize : 1640
01-29 19:18:25.985 E/Watchdog( 1683): !@Sync 10406 [01-29 19:18:25.998]
01-29 19:18:27.815 E/KeyguardViewMediator( 2369): setShowingLocked mShowing true
01-29 19:18:27.945 E/LSO     ( 2369): LSO Service is not yet ready!!!
01-29 19:18:28.545 E/SViewCoverMainPage( 2369): isSHealthInstalled : SHealth is not installed
01-29 19:18:43.705 E/NetlinkEvent(  395): NetlinkEvent::FindParam(): Parameter 'LABEL' not found
01-29 19:18:43.705 E/NetlinkEvent(  395): NetlinkEvent::FindParam(): Parameter 'UID' not found
01-29 19:18:55.995 E/Watchdog( 1683): !@Sync 10407 [01-29 19:18:56.000]
01-29 19:18:58.775 E/NetlinkEvent(  395): NetlinkEvent::FindParam(): Parameter 'LABEL' not found
01-29 19:18:58.775 E/NetlinkEvent(  395): NetlinkEvent::FindParam(): Parameter 'UID' not found
01-29 19:19:18.465 E/ContactsProvider_EventLog( 2653): Flush buffer to file cnt : 8 size : 3Kb duration : 29ms lastUpdatedAfter : 60134 ms mFlush_time_threasold : 2000 mCurrentSize : 1640
01-29 19:19:25.995 E/Watchdog( 1683): !@Sync 10408 [01-29 19:19:26.001]
01-29 19:19:55.985 E/MtpServerJNI( 3391): server is null in send_object_removed
01-29 19:19:55.995 E/Watchdog( 1683): !@Sync 10409 [01-29 19:19:56.002]
01-29 19:20:01.705 E/Zygote  (19032): v2
01-29 19:20:01.935 E/Zygote  (19047): v2
01-29 19:20:03.135 E/Zygote  (19061): v2
01-29 19:20:03.325 E/RemoteViewContainerView( 2369): info.mRemoteViews is null
01-29 19:20:03.325 E/SViewCoverMainPage( 2369): isSHealthInstalled : SHealth is not installed
01-29 19:20:03.535 E/Zygote  (19078): v2
01-29 19:20:03.755 E/Zygote  (19092): v2
01-29 19:20:03.915 E/RepaymentDataProvider::(12918): Failed to get data from preference / No Data from preference.
01-29 19:20:05.015 E/Zygote  (19111): v2
01-29 19:20:05.525 E/ContactsProvider_EventLog( 2653): Flush buffer to file cnt : 2 size : 0Kb duration : 4ms lastUpdatedAfter : 47065 ms mFlush_time_threasold : 2000 mCurrentSize : 414
01-29 19:20:09.545 E/ContactsProvider_EventLog( 2653): Flush buffer to file cnt : 2 size : 2Kb duration : 6ms lastUpdatedAfter : 4019 ms mFlush_time_threasold : 2000 mCurrentSize : 1372
01-29 19:20:18.485 E/ContactsProvider_EventLog( 2653): Flush buffer to file cnt : 8 size : 3Kb duration : 15ms lastUpdatedAfter : 8934 ms mFlush_time_threasold : 2000 mCurrentSize : 1640
01-29 19:20:25.995 E/Watchdog( 1683): !@Sync 10410 [01-29 19:20:26.004]
01-29 19:20:55.995 E/Watchdog( 1683): !@Sync 10411 [01-29 19:20:56.005]
01-29 19:21:18.605 E/ContactsProvider_EventLog( 2653): Flush buffer to file cnt : 8 size : 3Kb duration : 25ms lastUpdatedAfter : 60123 ms mFlush_time_threasold : 2000 mCurrentSize : 1640
01-29 19:21:25.995 E/Watchdog( 1683): !@Sync 10412 [01-29 19:21:26.007]
01-29 19:21:56.005 E/Watchdog( 1683): !@Sync 10413 [01-29 19:21:56.008]
01-29 19:22:18.665 E/ContactsProvider_EventLog( 2653): Flush buffer to file cnt : 8 size : 3Kb duration : 27ms lastUpdatedAfter : 60051 ms mFlush_time_threasold : 2000 mCurrentSize : 1640
01-29 19:22:26.005 E/Watchdog( 1683): !@Sync 10414 [01-29 19:22:26.010]
01-29 19:22:35.035 E/NetlinkEvent(  395): NetlinkEvent::FindParam(): Parameter 'LABEL' not found
01-29 19:22:35.035 E/NetlinkEvent(  395): NetlinkEvent::FindParam(): Parameter 'UID' not found
01-29 19:22:50.295 E/NetlinkEvent(  395): NetlinkEvent::FindParam(): Parameter 'LABEL' not found
01-29 19:22:50.295 E/NetlinkEvent(  395): NetlinkEvent::FindParam(): Parameter 'UID' not found
01-29 19:22:56.005 E/Watchdog( 1683): !@Sync 10415 [01-29 19:22:56.012]
01-29 19:23:17.205 E/MtpServerJNI( 3391): server is null in send_object_removed
01-29 19:23:17.315 E/Zygote  (19138): v2
01-29 19:23:18.765 E/ContactsProvider_EventLog( 2653): Flush buffer to file cnt : 8 size : 3Kb duration : 16ms lastUpdatedAfter : 60104 ms mFlush_time_threasold : 2000 mCurrentSize : 1640
01-29 19:23:26.005 E/Watchdog( 1683): !@Sync 10416 [01-29 19:23:26.014]
01-29 19:23:43.995 E/NetlinkEvent(  395): NetlinkEvent::FindParam(): Parameter 'LABEL' not found
01-29 19:23:43.995 E/NetlinkEvent(  395): NetlinkEvent::FindParam(): Parameter 'UID' not found
01-29 19:23:44.025 E/installd(  414): system dir 0 : /system/app/
01-29 19:23:44.025 E/installd(  414): system dir 1 : /system/priv-app/
01-29 19:23:44.025 E/installd(  414): system dir 2 : /vendor/app/
01-29 19:23:44.025 E/installd(  414): system dir 3 : /oem/app/
01-29 19:23:44.065 E/installd(  414): system dir 0 : /system/app/
01-29 19:23:44.065 E/installd(  414): system dir 1 : /system/priv-app/
01-29 19:23:44.065 E/installd(  414): system dir 2 : /vendor/app/
01-29 19:23:44.065 E/installd(  414): system dir 3 : /oem/app/
01-29 19:23:44.075 E/installd(  414): system dir 0 : /system/app/
01-29 19:23:44.075 E/installd(  414): system dir 1 : /system/priv-app/
01-29 19:23:44.075 E/installd(  414): system dir 2 : /vendor/app/
01-29 19:23:44.075 E/installd(  414): system dir 3 : /oem/app/
01-29 19:23:44.095 E/installd(  414): system dir 0 : /system/app/
01-29 19:23:44.095 E/installd(  414): system dir 1 : /system/priv-app/
01-29 19:23:44.095 E/installd(  414): system dir 2 : /vendor/app/
01-29 19:23:44.095 E/installd(  414): system dir 3 : /oem/app/
01-29 19:23:44.145 E/installd(  414): system dir 0 : /system/app/
01-29 19:23:44.145 E/installd(  414): system dir 1 : /system/priv-app/
01-29 19:23:44.145 E/installd(  414): system dir 2 : /vendor/app/
01-29 19:23:44.145 E/installd(  414): system dir 3 : /oem/app/
01-29 19:23:44.165 E/installd(  414): system dir 0 : /system/app/
01-29 19:23:44.165 E/installd(  414): system dir 1 : /system/priv-app/
01-29 19:23:44.165 E/installd(  414): system dir 2 : /vendor/app/
01-29 19:23:44.165 E/installd(  414): system dir 3 : /oem/app/
01-29 19:23:44.175 E/installd(  414): system dir 0 : /system/app/
01-29 19:23:44.175 E/installd(  414): system dir 1 : /system/priv-app/
01-29 19:23:44.175 E/installd(  414): system dir 2 : /vendor/app/
01-29 19:23:44.175 E/installd(  414): system dir 3 : /oem/app/
01-29 19:23:44.205 E/installd(  414): system dir 0 : /system/app/
01-29 19:23:44.205 E/installd(  414): system dir 1 : /system/priv-app/
01-29 19:23:44.205 E/installd(  414): system dir 2 : /vendor/app/
01-29 19:23:44.205 E/installd(  414): system dir 3 : /oem/app/
01-29 19:23:44.225 E/installd(  414): system dir 0 : /system/app/
01-29 19:23:44.225 E/installd(  414): system dir 1 : /system/priv-app/
01-29 19:23:44.225 E/installd(  414): system dir 2 : /vendor/app/
01-29 19:23:44.225 E/installd(  414): system dir 3 : /oem/app/
01-29 19:23:44.255 E/installd(  414): system dir 0 : /system/app/
01-29 19:23:44.255 E/installd(  414): system dir 1 : /system/priv-app/
01-29 19:23:44.255 E/installd(  414): system dir 2 : /vendor/app/
01-29 19:23:44.255 E/installd(  414): system dir 3 : /oem/app/
01-29 19:23:44.365 E/installd(  414): system dir 0 : /system/app/
01-29 19:23:44.365 E/installd(  414): system dir 1 : /system/priv-app/
01-29 19:23:44.365 E/installd(  414): system dir 2 : /vendor/app/
01-29 19:23:44.365 E/installd(  414): system dir 3 : /oem/app/
01-29 19:23:44.405 E/installd(  414): system dir 0 : /system/app/
01-29 19:23:44.405 E/installd(  414): system dir 1 : /system/priv-app/
01-29 19:23:44.405 E/installd(  414): system dir 2 : /vendor/app/
01-29 19:23:44.405 E/installd(  414): system dir 3 : /oem/app/
01-29 19:23:44.415 E/installd(  414): system dir 0 : /system/app/
01-29 19:23:44.415 E/installd(  414): system dir 1 : /system/priv-app/
01-29 19:23:44.415 E/installd(  414): system dir 2 : /vendor/app/
01-29 19:23:44.415 E/installd(  414): system dir 3 : /oem/app/
01-29 19:23:44.435 E/installd(  414): system dir 0 : /system/app/
01-29 19:23:44.435 E/installd(  414): system dir 1 : /system/priv-app/
01-29 19:23:44.435 E/installd(  414): system dir 2 : /vendor/app/
01-29 19:23:44.435 E/installd(  414): system dir 3 : /oem/app/
01-29 19:23:44.445 E/installd(  414): system dir 0 : /system/app/
01-29 19:23:44.445 E/installd(  414): system dir 1 : /system/priv-app/
01-29 19:23:44.445 E/installd(  414): system dir 2 : /vendor/app/
01-29 19:23:44.445 E/installd(  414): system dir 3 : /oem/app/
01-29 19:23:44.455 E/installd(  414): system dir 0 : /system/app/
01-29 19:23:44.455 E/installd(  414): system dir 1 : /system/priv-app/
01-29 19:23:44.455 E/installd(  414): system dir 2 : /vendor/app/
01-29 19:23:44.455 E/installd(  414): system dir 3 : /oem/app/
01-29 19:23:44.485 E/installd(  414): system dir 0 : /system/app/
01-29 19:23:44.485 E/installd(  414): system dir 1 : /system/priv-app/
01-29 19:23:44.485 E/installd(  414): system dir 2 : /vendor/app/
01-29 19:23:44.485 E/installd(  414): system dir 3 : /oem/app/
01-29 19:23:44.505 E/installd(  414): system dir 0 : /system/app/
01-29 19:23:44.505 E/installd(  414): system dir 1 : /system/priv-app/
01-29 19:23:44.505 E/installd(  414): system dir 2 : /vendor/app/
01-29 19:23:44.505 E/installd(  414): system dir 3 : /oem/app/
01-29 19:23:44.525 E/installd(  414): system dir 0 : /system/app/
01-29 19:23:44.525 E/installd(  414): system dir 1 : /system/priv-app/
01-29 19:23:44.525 E/installd(  414): system dir 2 : /vendor/app/
01-29 19:23:44.525 E/installd(  414): system dir 3 : /oem/app/
01-29 19:23:44.535 E/installd(  414): system dir 0 : /system/app/
01-29 19:23:44.535 E/installd(  414): system dir 1 : /system/priv-app/
01-29 19:23:44.535 E/installd(  414): system dir 2 : /vendor/app/
01-29 19:23:44.535 E/installd(  414): system dir 3 : /oem/app/
01-29 19:23:44.555 E/installd(  414): system dir 0 : /system/app/
01-29 19:23:44.555 E/installd(  414): system dir 1 : /system/priv-app/
01-29 19:23:44.555 E/installd(  414): system dir 2 : /vendor/app/
01-29 19:23:44.555 E/installd(  414): system dir 3 : /oem/app/
01-29 19:23:44.585 E/installd(  414): system dir 0 : /system/app/
01-29 19:23:44.585 E/installd(  414): system dir 1 : /system/priv-app/
01-29 19:23:44.585 E/installd(  414): system dir 2 : /vendor/app/
01-29 19:23:44.585 E/installd(  414): system dir 3 : /oem/app/
01-29 19:23:44.625 E/installd(  414): system dir 0 : /system/app/
01-29 19:23:44.625 E/installd(  414): system dir 1 : /system/priv-app/
01-29 19:23:44.625 E/installd(  414): system dir 2 : /vendor/app/
01-29 19:23:44.625 E/installd(  414): system dir 3 : /oem/app/
01-29 19:23:56.005 E/Watchdog( 1683): !@Sync 10417 [01-29 19:23:56.015]
01-29 19:23:59.055 E/NetlinkEvent(  395): NetlinkEvent::FindParam(): Parameter 'LABEL' not found
01-29 19:23:59.055 E/NetlinkEvent(  395): NetlinkEvent::FindParam(): Parameter 'UID' not found
01-29 19:24:18.905 E/ContactsProvider_EventLog( 2653): Flush buffer to file cnt : 8 size : 3Kb duration : 41ms lastUpdatedAfter : 60136 ms mFlush_time_threasold : 2000 mCurrentSize : 1640
01-29 19:24:26.015 E/Watchdog( 1683): !@Sync 10418 [01-29 19:24:26.017]
01-29 19:24:56.015 E/Watchdog( 1683): !@Sync 10419 [01-29 19:24:56.018]
01-29 19:25:01.845 E/NetlinkEvent(  395): NetlinkEvent::FindParam(): Parameter 'LABEL' not found
01-29 19:25:01.845 E/NetlinkEvent(  395): NetlinkEvent::FindParam(): Parameter 'UID' not found
01-29 19:25:16.935 E/NetlinkEvent(  395): NetlinkEvent::FindParam(): Parameter 'LABEL' not found
01-29 19:25:16.935 E/NetlinkEvent(  395): NetlinkEvent::FindParam(): Parameter 'UID' not found
01-29 19:25:18.995 E/ContactsProvider_EventLog( 2653): Flush buffer to file cnt : 8 size : 3Kb duration : 19ms lastUpdatedAfter : 60087 ms mFlush_time_threasold : 2000 mCurrentSize : 1640
01-29 19:25:26.015 E/Watchdog( 1683): !@Sync 10420 [01-29 19:25:26.020]
01-29 19:25:56.015 E/Watchdog( 1683): !@Sync 10421 [01-29 19:25:56.022]
01-29 19:26:19.105 E/ContactsProvider_EventLog( 2653): Flush buffer to file cnt : 8 size : 3Kb duration : 14ms lastUpdatedAfter : 60105 ms mFlush_time_threasold : 2000 mCurrentSize : 1640
01-29 19:26:26.015 E/Watchdog( 1683): !@Sync 10422 [01-29 19:26:26.023]
01-29 19:26:28.365 E/MtpServerJNI( 3391): server is null in send_object_removed
01-29 19:26:56.015 E/Watchdog( 1683): !@Sync 10423 [01-29 19:26:56.025]
01-29 19:27:18.085 E/MARsDBManager( 1683): updateDBAll : begin --size 0
01-29 19:27:18.085 E/MARsDBManager( 1683): updateDBAll : end
01-29 19:27:19.225 E/ContactsProvider_EventLog( 2653): Flush buffer to file cnt : 8 size : 3Kb duration : 16ms lastUpdatedAfter : 60114 ms mFlush_time_threasold : 2000 mCurrentSize : 1640
01-29 19:27:26.015 E/Watchdog( 1683): !@Sync 10424 [01-29 19:27:26.027]
01-29 19:27:56.025 E/Watchdog( 1683): !@Sync 10425 [01-29 19:27:56.028]
01-29 19:28:19.335 E/ContactsProvider_EventLog( 2653): Flush buffer to file cnt : 8 size : 3Kb duration : 18ms lastUpdatedAfter : 60112 ms mFlush_time_threasold : 2000 mCurrentSize : 1640
01-29 19:28:26.025 E/Watchdog( 1683): !@Sync 10426 [01-29 19:28:26.030]
01-29 19:28:43.735 E/NetlinkEvent(  395): NetlinkEvent::FindParam(): Parameter 'LABEL' not found
01-29 19:28:43.735 E/NetlinkEvent(  395): NetlinkEvent::FindParam(): Parameter 'UID' not found
01-29 19:28:56.025 E/Watchdog( 1683): !@Sync 10427 [01-29 19:28:56.032]
01-29 19:28:58.815 E/NetlinkEvent(  395): NetlinkEvent::FindParam(): Parameter 'LABEL' not found
01-29 19:28:58.815 E/NetlinkEvent(  395): NetlinkEvent::FindParam(): Parameter 'UID' not found
01-29 19:29:19.355 E/ContactsProvider_EventLog( 2653): Flush buffer to file cnt : 8 size : 3Kb duration : 18ms lastUpdatedAfter : 60019 ms mFlush_time_threasold : 2000 mCurrentSize : 1640
01-29 19:29:26.025 E/Watchdog( 1683): !@Sync 10428 [01-29 19:29:26.033]
01-29 19:29:39.545 E/MtpServerJNI( 3391): server is null in send_object_removed
01-29 19:29:56.025 E/Watchdog( 1683): !@Sync 10429 [01-29 19:29:56.035]
01-29 19:30:01.055 E/NetlinkEvent(  395): NetlinkEvent::FindParam(): Parameter 'LABEL' not found
01-29 19:30:01.055 E/NetlinkEvent(  395): NetlinkEvent::FindParam(): Parameter 'UID' not found
01-29 19:30:01.795 E/installd(  414): system dir 0 : /system/app/
01-29 19:30:01.795 E/installd(  414): system dir 1 : /system/priv-app/
01-29 19:30:01.795 E/installd(  414): system dir 2 : /vendor/app/
01-29 19:30:01.795 E/installd(  414): system dir 3 : /oem/app/
01-29 19:30:01.815 E/installd(  414): system dir 0 : /system/app/
01-29 19:30:01.815 E/installd(  414): system dir 1 : /system/priv-app/
01-29 19:30:01.815 E/installd(  414): system dir 2 : /vendor/app/
01-29 19:30:01.815 E/installd(  414): system dir 3 : /oem/app/
01-29 19:30:01.835 E/installd(  414): system dir 0 : /system/app/
01-29 19:30:01.835 E/installd(  414): system dir 1 : /system/priv-app/
01-29 19:30:01.835 E/installd(  414): system dir 2 : /vendor/app/
01-29 19:30:01.835 E/installd(  414): system dir 3 : /oem/app/
01-29 19:30:01.845 E/installd(  414): system dir 0 : /system/app/
01-29 19:30:01.845 E/installd(  414): system dir 1 : /system/priv-app/
01-29 19:30:01.845 E/installd(  414): system dir 2 : /vendor/app/
01-29 19:30:01.845 E/installd(  414): system dir 3 : /oem/app/
01-29 19:30:01.865 E/installd(  414): system dir 0 : /system/app/
01-29 19:30:01.865 E/installd(  414): system dir 1 : /system/priv-app/
01-29 19:30:01.865 E/installd(  414): system dir 2 : /vendor/app/
01-29 19:30:01.865 E/installd(  414): system dir 3 : /oem/app/
01-29 19:30:01.885 E/installd(  414): system dir 0 : /system/app/
01-29 19:30:01.885 E/installd(  414): system dir 1 : /system/priv-app/
01-29 19:30:01.885 E/installd(  414): system dir 2 : /vendor/app/
01-29 19:30:01.885 E/installd(  414): system dir 3 : /oem/app/
01-29 19:30:01.895 E/installd(  414): system dir 0 : /system/app/
01-29 19:30:01.895 E/installd(  414): system dir 1 : /system/priv-app/
01-29 19:30:01.895 E/installd(  414): system dir 2 : /vendor/app/
01-29 19:30:01.895 E/installd(  414): system dir 3 : /oem/app/
01-29 19:30:01.925 E/installd(  414): system dir 0 : /system/app/
01-29 19:30:01.925 E/installd(  414): system dir 1 : /system/priv-app/
01-29 19:30:01.925 E/installd(  414): system dir 2 : /vendor/app/
01-29 19:30:01.925 E/installd(  414): system dir 3 : /oem/app/
01-29 19:30:01.945 E/installd(  414): system dir 0 : /system/app/
01-29 19:30:01.945 E/installd(  414): system dir 1 : /system/priv-app/
01-29 19:30:01.945 E/installd(  414): system dir 2 : /vendor/app/
01-29 19:30:01.945 E/installd(  414): system dir 3 : /oem/app/
01-29 19:30:01.975 E/installd(  414): system dir 0 : /system/app/
01-29 19:30:01.975 E/installd(  414): system dir 1 : /system/priv-app/
01-29 19:30:01.975 E/installd(  414): system dir 2 : /vendor/app/
01-29 19:30:01.975 E/installd(  414): system dir 3 : /oem/app/
01-29 19:30:02.095 E/installd(  414): system dir 0 : /system/app/
01-29 19:30:02.095 E/installd(  414): system dir 1 : /system/priv-app/
01-29 19:30:02.095 E/installd(  414): system dir 2 : /vendor/app/
01-29 19:30:02.095 E/installd(  414): system dir 3 : /oem/app/
01-29 19:30:02.135 E/installd(  414): system dir 0 : /system/app/
01-29 19:30:02.135 E/installd(  414): system dir 1 : /system/priv-app/
01-29 19:30:02.135 E/installd(  414): system dir 2 : /vendor/app/
01-29 19:30:02.135 E/installd(  414): system dir 3 : /oem/app/
01-29 19:30:02.145 E/installd(  414): system dir 0 : /system/app/
01-29 19:30:02.145 E/installd(  414): system dir 1 : /system/priv-app/
01-29 19:30:02.145 E/installd(  414): system dir 2 : /vendor/app/
01-29 19:30:02.145 E/installd(  414): system dir 3 : /oem/app/
01-29 19:30:02.155 E/installd(  414): system dir 0 : /system/app/
01-29 19:30:02.155 E/installd(  414): system dir 1 : /system/priv-app/
01-29 19:30:02.155 E/installd(  414): system dir 2 : /vendor/app/
01-29 19:30:02.155 E/installd(  414): system dir 3 : /oem/app/
01-29 19:30:02.175 E/installd(  414): system dir 0 : /system/app/
01-29 19:30:02.175 E/installd(  414): system dir 1 : /system/priv-app/
01-29 19:30:02.175 E/installd(  414): system dir 2 : /vendor/app/
01-29 19:30:02.175 E/installd(  414): system dir 3 : /oem/app/
01-29 19:30:02.185 E/installd(  414): system dir 0 : /system/app/
01-29 19:30:02.185 E/installd(  414): system dir 1 : /system/priv-app/
01-29 19:30:02.185 E/installd(  414): system dir 2 : /vendor/app/
01-29 19:30:02.185 E/installd(  414): system dir 3 : /oem/app/
01-29 19:30:02.215 E/installd(  414): system dir 0 : /system/app/
01-29 19:30:02.215 E/installd(  414): system dir 1 : /system/priv-app/
01-29 19:30:02.215 E/installd(  414): system dir 2 : /vendor/app/
01-29 19:30:02.215 E/installd(  414): system dir 3 : /oem/app/
01-29 19:30:02.235 E/installd(  414): system dir 0 : /system/app/
01-29 19:30:02.235 E/installd(  414): system dir 1 : /system/priv-app/
01-29 19:30:02.235 E/installd(  414): system dir 2 : /vendor/app/
01-29 19:30:02.235 E/installd(  414): system dir 3 : /oem/app/
01-29 19:30:02.245 E/installd(  414): system dir 0 : /system/app/
01-29 19:30:02.245 E/installd(  414): system dir 1 : /system/priv-app/
01-29 19:30:02.245 E/installd(  414): system dir 2 : /vendor/app/
01-29 19:30:02.245 E/installd(  414): system dir 3 : /oem/app/
01-29 19:30:02.255 E/installd(  414): system dir 0 : /system/app/
01-29 19:30:02.255 E/installd(  414): system dir 1 : /system/priv-app/
01-29 19:30:02.255 E/installd(  414): system dir 2 : /vendor/app/
01-29 19:30:02.255 E/installd(  414): system dir 3 : /oem/app/
01-29 19:30:02.275 E/installd(  414): system dir 0 : /system/app/
01-29 19:30:02.275 E/installd(  414): system dir 1 : /system/priv-app/
01-29 19:30:02.275 E/installd(  414): system dir 2 : /vendor/app/
01-29 19:30:02.275 E/installd(  414): system dir 3 : /oem/app/
01-29 19:30:02.295 E/installd(  414): system dir 0 : /system/app/
01-29 19:30:02.295 E/installd(  414): system dir 1 : /system/priv-app/
01-29 19:30:02.295 E/installd(  414): system dir 2 : /vendor/app/
01-29 19:30:02.295 E/installd(  414): system dir 3 : /oem/app/
01-29 19:30:02.325 E/installd(  414): system dir 0 : /system/app/
01-29 19:30:02.325 E/installd(  414): system dir 1 : /system/priv-app/
01-29 19:30:02.325 E/installd(  414): system dir 2 : /vendor/app/
01-29 19:30:02.325 E/installd(  414): system dir 3 : /oem/app/
01-29 19:30:16.295 E/NetlinkEvent(  395): NetlinkEvent::FindParam(): Parameter 'LABEL' not found
01-29 19:30:16.295 E/NetlinkEvent(  395): NetlinkEvent::FindParam(): Parameter 'UID' not found
01-29 19:30:19.425 E/ContactsProvider_EventLog( 2653): Flush buffer to file cnt : 8 size : 3Kb duration : 18ms lastUpdatedAfter : 60067 ms mFlush_time_threasold : 2000 mCurrentSize : 1640
01-29 19:30:26.035 E/Watchdog( 1683): !@Sync 10430 [01-29 19:30:26.037]
01-29 19:30:56.035 E/Watchdog( 1683): !@Sync 10431 [01-29 19:30:56.038]
01-29 19:31:16.325 E/SPPClientService( 6036): [[PushClientService]] F:false, D:false, E:false, T:false, S:true, R:false
01-29 19:31:16.335 E/NetlinkEvent(  395): NetlinkEvent::FindParam(): Parameter 'LABEL' not found
01-29 19:31:16.335 E/NetlinkEvent(  395): NetlinkEvent::FindParam(): Parameter 'UID' not found
01-29 19:31:16.345 E/SPPClientService( 6036): [e] Push Channel Exception : java.lang.NullPointerException: ssl == null
01-29 19:31:16.355 E/SPPClientService( 6036): [a] [ConnectionManager] Connection is already disconnected.
01-29 19:31:16.365 E/SPPClientService( 6036): [h] getNetMCC return empty string
01-29 19:31:16.655 E/SPPClientService( 6036): [b] __InitReply__
01-29 19:31:16.685 E/SPPClientService( 6036): [a] onConnected Time : 1237486338
01-29 19:31:19.545 E/ContactsProvider_EventLog( 2653): Flush buffer to file cnt : 8 size : 3Kb duration : 25ms lastUpdatedAfter : 60116 ms mFlush_time_threasold : 2000 mCurrentSize : 1640
01-29 19:31:26.035 E/Watchdog( 1683): !@Sync 10432 [01-29 19:31:26.040]
01-29 19:31:31.695 E/NetlinkEvent(  395): NetlinkEvent::FindParam(): Parameter 'LABEL' not found
01-29 19:31:31.695 E/NetlinkEvent(  395): NetlinkEvent::FindParam(): Parameter 'UID' not found
01-29 19:31:56.035 E/Watchdog( 1683): !@Sync 10433 [01-29 19:31:56.042]
01-29 19:32:19.645 E/ContactsProvider_EventLog( 2653): Flush buffer to file cnt : 8 size : 3Kb duration : 20ms lastUpdatedAfter : 60104 ms mFlush_time_threasold : 2000 mCurrentSize : 1640
01-29 19:32:20.525 E/MtpServerJNI( 3391): server is null in send_object_removed
01-29 19:32:26.035 E/Watchdog( 1683): !@Sync 10434 [01-29 19:32:26.044]
01-29 19:32:56.035 E/Watchdog( 1683): !@Sync 10435 [01-29 19:32:56.045]
01-29 19:33:19.765 E/ContactsProvider_EventLog( 2653): Flush buffer to file cnt : 8 size : 3Kb duration : 19ms lastUpdatedAfter : 60109 ms mFlush_time_threasold : 2000 mCurrentSize : 1640
01-29 19:33:24.075 E/NetlinkEvent(  395): NetlinkEvent::FindParam(): Parameter 'LABEL' not found
01-29 19:33:24.075 E/NetlinkEvent(  395): NetlinkEvent::FindParam(): Parameter 'UID' not found
01-29 19:33:26.045 E/Watchdog( 1683): !@Sync 10436 [01-29 19:33:26.047]
01-29 19:33:39.135 E/NetlinkEvent(  395): NetlinkEvent::FindParam(): Parameter 'LABEL' not found
01-29 19:33:39.135 E/NetlinkEvent(  395): NetlinkEvent::FindParam(): Parameter 'UID' not found
01-29 19:33:45.365 E/bt_osi_alarm( 3542): reschedule_root_alarm alarm expiration too close for posix timers, switching to guns
01-29 19:33:45.405 E/bt_osi_alarm( 3542): reschedule_root_alarm alarm expiration too close for posix timers, switching to guns
01-29 19:33:56.045 E/Watchdog( 1683): !@Sync 10437 [01-29 19:33:56.048]
01-29 19:34:19.775 E/ContactsProvider_EventLog( 2653): Flush buffer to file cnt : 8 size : 3Kb duration : 15ms lastUpdatedAfter : 60012 ms mFlush_time_threasold : 2000 mCurrentSize : 1640
01-29 19:34:26.045 E/Watchdog( 1683): !@Sync 10438 [01-29 19:34:26.050]
01-29 19:34:56.045 E/Watchdog( 1683): !@Sync 10439 [01-29 19:34:56.052]
01-29 19:35:01.685 E/NetlinkEvent(  395): NetlinkEvent::FindParam(): Parameter 'LABEL' not found
01-29 19:35:01.685 E/NetlinkEvent(  395): NetlinkEvent::FindParam(): Parameter 'UID' not found
01-29 19:35:16.735 E/NetlinkEvent(  395): NetlinkEvent::FindParam(): Parameter 'LABEL' not found
01-29 19:35:16.735 E/NetlinkEvent(  395): NetlinkEvent::FindParam(): Parameter 'UID' not found
01-29 19:35:19.905 E/ContactsProvider_EventLog( 2653): Flush buffer to file cnt : 8 size : 3Kb duration : 29ms lastUpdatedAfter : 60126 ms mFlush_time_threasold : 2000 mCurrentSize : 1640
01-29 19:35:26.045 E/Watchdog( 1683): !@Sync 10440 [01-29 19:35:26.054]
01-29 19:35:31.695 E/MtpServerJNI( 3391): server is null in send_object_removed
01-29 19:35:56.045 E/Watchdog( 1683): !@Sync 10441 [01-29 19:35:56.055]
01-29 19:36:20.005 E/ContactsProvider_EventLog( 2653): Flush buffer to file cnt : 8 size : 3Kb duration : 16ms lastUpdatedAfter : 60096 ms mFlush_time_threasold : 2000 mCurrentSize : 1640
01-29 19:36:26.055 E/Watchdog( 1683): !@Sync 10442 [01-29 19:36:26.057]
01-29 19:36:56.055 E/Watchdog( 1683): !@Sync 10443 [01-29 19:36:56.058]
01-29 19:37:20.115 E/ContactsProvider_EventLog( 2653): Flush buffer to file cnt : 8 size : 3Kb duration : 19ms lastUpdatedAfter : 60110 ms mFlush_time_threasold : 2000 mCurrentSize : 1640
01-29 19:37:26.055 E/Watchdog( 1683): !@Sync 10444 [01-29 19:37:26.060]
01-29 19:37:56.055 E/Watchdog( 1683): !@Sync 10445 [01-29 19:37:56.062]
01-29 19:37:58.015 E/NetlinkEvent(  395): NetlinkEvent::FindParam(): Parameter 'LABEL' not found
01-29 19:37:58.015 E/NetlinkEvent(  395): NetlinkEvent::FindParam(): Parameter 'UID' not found
01-29 19:38:12.655 E/MtpServerJNI( 3391): server is null in send_object_removed
01-29 19:38:16.735 E/NetlinkEvent(  395): NetlinkEvent::FindParam(): Parameter 'LABEL' not found
01-29 19:38:16.735 E/NetlinkEvent(  395): NetlinkEvent::FindParam(): Parameter 'UID' not found
01-29 19:38:20.225 E/ContactsProvider_EventLog( 2653): Flush buffer to file cnt : 8 size : 3Kb duration : 14ms lastUpdatedAfter : 60105 ms mFlush_time_threasold : 2000 mCurrentSize : 1640
01-29 19:38:26.055 E/Watchdog( 1683): !@Sync 10446 [01-29 19:38:26.064]
01-29 19:38:43.775 E/NetlinkEvent(  395): NetlinkEvent::FindParam(): Parameter 'LABEL' not found
01-29 19:38:43.775 E/NetlinkEvent(  395): NetlinkEvent::FindParam(): Parameter 'UID' not found
01-29 19:38:56.055 E/Watchdog( 1683): !@Sync 10447 [01-29 19:38:56.065]
01-29 19:38:58.855 E/NetlinkEvent(  395): NetlinkEvent::FindParam(): Parameter 'LABEL' not found
01-29 19:38:58.855 E/NetlinkEvent(  395): NetlinkEvent::FindParam(): Parameter 'UID' not found
01-29 19:39:18.095 E/MARsDBManager( 1683): updateDBAll : begin --size 0
01-29 19:39:18.095 E/MARsDBManager( 1683): updateDBAll : end
01-29 19:39:20.345 E/ContactsProvider_EventLog( 2653): Flush buffer to file cnt : 8 size : 3Kb duration : 20ms lastUpdatedAfter : 60116 ms mFlush_time_threasold : 2000 mCurrentSize : 1640
01-29 19:39:26.065 E/Watchdog( 1683): !@Sync 10448 [01-29 19:39:26.066]
01-29 19:39:56.065 E/Watchdog( 1683): !@Sync 10449 [01-29 19:39:56.068]
01-29 19:40:01.805 E/installd(  414): system dir 0 : /system/app/
01-29 19:40:01.805 E/installd(  414): system dir 1 : /system/priv-app/
01-29 19:40:01.805 E/installd(  414): system dir 2 : /vendor/app/
01-29 19:40:01.805 E/installd(  414): system dir 3 : /oem/app/
01-29 19:40:01.835 E/installd(  414): system dir 0 : /system/app/
01-29 19:40:01.835 E/installd(  414): system dir 1 : /system/priv-app/
01-29 19:40:01.835 E/installd(  414): system dir 2 : /vendor/app/
01-29 19:40:01.835 E/installd(  414): system dir 3 : /oem/app/
01-29 19:40:01.865 E/installd(  414): system dir 0 : /system/app/
01-29 19:40:01.865 E/installd(  414): system dir 1 : /system/priv-app/
01-29 19:40:01.865 E/installd(  414): system dir 2 : /vendor/app/
01-29 19:40:01.865 E/installd(  414): system dir 3 : /oem/app/
01-29 19:40:01.885 E/installd(  414): system dir 0 : /system/app/
01-29 19:40:01.885 E/installd(  414): system dir 1 : /system/priv-app/
01-29 19:40:01.885 E/installd(  414): system dir 2 : /vendor/app/
01-29 19:40:01.885 E/installd(  414): system dir 3 : /oem/app/
01-29 19:40:01.915 E/installd(  414): system dir 0 : /system/app/
01-29 19:40:01.915 E/installd(  414): system dir 1 : /system/priv-app/
01-29 19:40:01.915 E/installd(  414): system dir 2 : /vendor/app/
01-29 19:40:01.915 E/installd(  414): system dir 3 : /oem/app/
01-29 19:40:01.925 E/installd(  414): system dir 0 : /system/app/
01-29 19:40:01.925 E/installd(  414): system dir 1 : /system/priv-app/
01-29 19:40:01.925 E/installd(  414): system dir 2 : /vendor/app/
01-29 19:40:01.925 E/installd(  414): system dir 3 : /oem/app/
01-29 19:40:01.945 E/installd(  414): system dir 0 : /system/app/
01-29 19:40:01.945 E/installd(  414): system dir 1 : /system/priv-app/
01-29 19:40:01.945 E/installd(  414): system dir 2 : /vendor/app/
01-29 19:40:01.945 E/installd(  414): system dir 3 : /oem/app/
01-29 19:40:01.955 E/installd(  414): system dir 0 : /system/app/
01-29 19:40:01.955 E/installd(  414): system dir 1 : /system/priv-app/
01-29 19:40:01.955 E/installd(  414): system dir 2 : /vendor/app/
01-29 19:40:01.955 E/installd(  414): system dir 3 : /oem/app/
01-29 19:40:01.975 E/installd(  414): system dir 0 : /system/app/
01-29 19:40:01.975 E/installd(  414): system dir 1 : /system/priv-app/
01-29 19:40:01.975 E/installd(  414): system dir 2 : /vendor/app/
01-29 19:40:01.975 E/installd(  414): system dir 3 : /oem/app/
01-29 19:40:02.015 E/installd(  414): system dir 0 : /system/app/
01-29 19:40:02.015 E/installd(  414): system dir 1 : /system/priv-app/
01-29 19:40:02.015 E/installd(  414): system dir 2 : /vendor/app/
01-29 19:40:02.015 E/installd(  414): system dir 3 : /oem/app/
01-29 19:40:02.115 E/installd(  414): system dir 0 : /system/app/
01-29 19:40:02.115 E/installd(  414): system dir 1 : /system/priv-app/
01-29 19:40:02.115 E/installd(  414): system dir 2 : /vendor/app/
01-29 19:40:02.115 E/installd(  414): system dir 3 : /oem/app/
01-29 19:40:02.155 E/installd(  414): system dir 0 : /system/app/
01-29 19:40:02.155 E/installd(  414): system dir 1 : /system/priv-app/
01-29 19:40:02.155 E/installd(  414): system dir 2 : /vendor/app/
01-29 19:40:02.155 E/installd(  414): system dir 3 : /oem/app/
01-29 19:40:02.175 E/installd(  414): system dir 0 : /system/app/
01-29 19:40:02.175 E/installd(  414): system dir 1 : /system/priv-app/
01-29 19:40:02.175 E/installd(  414): system dir 2 : /vendor/app/
01-29 19:40:02.175 E/installd(  414): system dir 3 : /oem/app/
01-29 19:40:02.185 E/installd(  414): system dir 0 : /system/app/
01-29 19:40:02.185 E/installd(  414): system dir 1 : /system/priv-app/
01-29 19:40:02.185 E/installd(  414): system dir 2 : /vendor/app/
01-29 19:40:02.185 E/installd(  414): system dir 3 : /oem/app/
01-29 19:40:02.205 E/installd(  414): system dir 0 : /system/app/
01-29 19:40:02.205 E/installd(  414): system dir 1 : /system/priv-app/
01-29 19:40:02.205 E/installd(  414): system dir 2 : /vendor/app/
01-29 19:40:02.205 E/installd(  414): system dir 3 : /oem/app/
01-29 19:40:02.215 E/installd(  414): system dir 0 : /system/app/
01-29 19:40:02.215 E/installd(  414): system dir 1 : /system/priv-app/
01-29 19:40:02.215 E/installd(  414): system dir 2 : /vendor/app/
01-29 19:40:02.215 E/installd(  414): system dir 3 : /oem/app/
01-29 19:40:02.245 E/installd(  414): system dir 0 : /system/app/
01-29 19:40:02.245 E/installd(  414): system dir 1 : /system/priv-app/
01-29 19:40:02.245 E/installd(  414): system dir 2 : /vendor/app/
01-29 19:40:02.245 E/installd(  414): system dir 3 : /oem/app/
01-29 19:40:02.255 E/installd(  414): system dir 0 : /system/app/
01-29 19:40:02.255 E/installd(  414): system dir 1 : /system/priv-app/
01-29 19:40:02.255 E/installd(  414): system dir 2 : /vendor/app/
01-29 19:40:02.255 E/installd(  414): system dir 3 : /oem/app/
01-29 19:40:02.275 E/installd(  414): system dir 0 : /system/app/
01-29 19:40:02.275 E/installd(  414): system dir 1 : /system/priv-app/
01-29 19:40:02.275 E/installd(  414): system dir 2 : /vendor/app/
01-29 19:40:02.275 E/installd(  414): system dir 3 : /oem/app/
01-29 19:40:02.285 E/installd(  414): system dir 0 : /system/app/
01-29 19:40:02.285 E/installd(  414): system dir 1 : /system/priv-app/
01-29 19:40:02.285 E/installd(  414): system dir 2 : /vendor/app/
01-29 19:40:02.285 E/installd(  414): system dir 3 : /oem/app/
01-29 19:40:02.295 E/installd(  414): system dir 0 : /system/app/
01-29 19:40:02.295 E/installd(  414): system dir 1 : /system/priv-app/
01-29 19:40:02.295 E/installd(  414): system dir 2 : /vendor/app/
01-29 19:40:02.295 E/installd(  414): system dir 3 : /oem/app/
01-29 19:40:02.315 E/installd(  414): system dir 0 : /system/app/
01-29 19:40:02.315 E/installd(  414): system dir 1 : /system/priv-app/
01-29 19:40:02.315 E/installd(  414): system dir 2 : /vendor/app/
01-29 19:40:02.315 E/installd(  414): system dir 3 : /oem/app/
01-29 19:40:02.335 E/installd(  414): system dir 0 : /system/app/
01-29 19:40:02.335 E/installd(  414): system dir 1 : /system/priv-app/
01-29 19:40:02.335 E/installd(  414): system dir 2 : /vendor/app/
01-29 19:40:02.335 E/installd(  414): system dir 3 : /oem/app/
01-29 19:40:20.485 E/ContactsProvider_EventLog( 2653): Flush buffer to file cnt : 8 size : 3Kb duration : 40ms lastUpdatedAfter : 60141 ms mFlush_time_threasold : 2000 mCurrentSize : 1640
01-29 19:40:26.065 E/Watchdog( 1683): !@Sync 10450 [01-29 19:40:26.070]
01-29 19:40:53.665 E/MtpServerJNI( 3391): server is null in send_object_removed
01-29 19:40:56.065 E/Watchdog( 1683): !@Sync 10451 [01-29 19:40:56.071]
01-29 19:41:20.495 E/ContactsProvider_EventLog( 2653): Flush buffer to file cnt : 8 size : 3Kb duration : 15ms lastUpdatedAfter : 60007 ms mFlush_time_threasold : 2000 mCurrentSize : 1640
01-29 19:41:26.065 E/Watchdog( 1683): !@Sync 10452 [01-29 19:41:26.073]
01-29 19:41:34.575 E/NetlinkEvent(  395): NetlinkEvent::FindParam(): Parameter 'LABEL' not found
01-29 19:41:34.575 E/NetlinkEvent(  395): NetlinkEvent::FindParam(): Parameter 'UID' not found
01-29 19:41:51.455 E/NetlinkEvent(  395): NetlinkEvent::FindParam(): Parameter 'LABEL' not found
01-29 19:41:51.455 E/NetlinkEvent(  395): NetlinkEvent::FindParam(): Parameter 'UID' not found
01-29 19:41:56.065 E/Watchdog( 1683): !@Sync 10453 [01-29 19:41:56.075]
01-29 19:42:20.605 E/ContactsProvider_EventLog( 2653): Flush buffer to file cnt : 8 size : 3Kb duration : 15ms lastUpdatedAfter : 60111 ms mFlush_time_threasold : 2000 mCurrentSize : 1640
01-29 19:42:26.075 E/Watchdog( 1683): !@Sync 10454 [01-29 19:42:26.076]
01-29 19:42:56.075 E/Watchdog( 1683): !@Sync 10455 [01-29 19:42:56.078]
01-29 19:43:01.715 E/NetlinkEvent(  395): NetlinkEvent::FindParam(): Parameter 'LABEL' not found
01-29 19:43:01.715 E/NetlinkEvent(  395): NetlinkEvent::FindParam(): Parameter 'UID' not found
01-29 19:43:19.375 E/NetlinkEvent(  395): NetlinkEvent::FindParam(): Parameter 'LABEL' not found
01-29 19:43:19.375 E/NetlinkEvent(  395): NetlinkEvent::FindParam(): Parameter 'UID' not found
01-29 19:43:20.725 E/ContactsProvider_EventLog( 2653): Flush buffer to file cnt : 8 size : 3Kb duration : 16ms lastUpdatedAfter : 60112 ms mFlush_time_threasold : 2000 mCurrentSize : 1640
01-29 19:43:26.075 E/Watchdog( 1683): !@Sync 10456 [01-29 19:43:26.079]
01-29 19:43:34.635 E/MtpServerJNI( 3391): server is null in send_object_removed
01-29 19:43:56.075 E/Watchdog( 1683): !@Sync 10457 [01-29 19:43:56.081]
01-29 19:44:20.835 E/ContactsProvider_EventLog( 2653): Flush buffer to file cnt : 8 size : 3Kb duration : 19ms lastUpdatedAfter : 60108 ms mFlush_time_threasold : 2000 mCurrentSize : 1640
01-29 19:44:26.075 E/Watchdog( 1683): !@Sync 10458 [01-29 19:44:26.083]
01-29 19:44:56.075 E/Watchdog( 1683): !@Sync 10459 [01-29 19:44:56.084]
01-29 19:45:01.695 E/NetlinkEvent(  395): NetlinkEvent::FindParam(): Parameter 'LABEL' not found
01-29 19:45:01.695 E/NetlinkEvent(  395): NetlinkEvent::FindParam(): Parameter 'UID' not found
01-29 19:45:20.945 E/ContactsProvider_EventLog( 2653): Flush buffer to file cnt : 8 size : 3Kb duration : 15ms lastUpdatedAfter : 60106 ms mFlush_time_threasold : 2000 mCurrentSize : 1640
01-29 19:45:22.495 E/NetlinkEvent(  395): NetlinkEvent::FindParam(): Parameter 'LABEL' not found
01-29 19:45:22.495 E/NetlinkEvent(  395): NetlinkEvent::FindParam(): Parameter 'UID' not found
01-29 19:45:26.085 E/Watchdog( 1683): !@Sync 10460 [01-29 19:45:26.086]
01-29 19:45:56.085 E/Watchdog( 1683): !@Sync 10461 [01-29 19:45:56.087]
01-29 19:46:15.615 E/MtpServerJNI( 3391): server is null in send_object_removed
01-29 19:46:20.975 E/ContactsProvider_EventLog( 2653): Flush buffer to file cnt : 8 size : 3Kb duration : 24ms lastUpdatedAfter : 60036 ms mFlush_time_threasold : 2000 mCurrentSize : 1640
01-29 19:46:26.085 E/Watchdog( 1683): !@Sync 10462 [01-29 19:46:26.089]
01-29 19:46:56.085 E/Watchdog( 1683): !@Sync 10463 [01-29 19:46:56.091]
01-29 19:47:21.045 E/ContactsProvider_EventLog( 2653): Flush buffer to file cnt : 8 size : 3Kb duration : 18ms lastUpdatedAfter : 60064 ms mFlush_time_threasold : 2000 mCurrentSize : 1640
01-29 19:47:26.085 E/Watchdog( 1683): !@Sync 10464 [01-29 19:47:26.092]
01-29 19:47:56.085 E/Watchdog( 1683): !@Sync 10465 [01-29 19:47:56.094]
01-29 19:48:21.155 E/ContactsProvider_EventLog( 2653): Flush buffer to file cnt : 8 size : 3Kb duration : 14ms lastUpdatedAfter : 60105 ms mFlush_time_threasold : 2000 mCurrentSize : 1640
01-29 19:48:26.095 E/Watchdog( 1683): !@Sync 10466 [01-29 19:48:26.096]
01-29 19:48:43.845 E/NetlinkEvent(  395): NetlinkEvent::FindParam(): Parameter 'LABEL' not found
01-29 19:48:43.845 E/NetlinkEvent(  395): NetlinkEvent::FindParam(): Parameter 'UID' not found
01-29 19:48:56.095 E/Watchdog( 1683): !@Sync 10467 [01-29 19:48:56.097]
01-29 19:48:56.585 E/MtpServerJNI( 3391): server is null in send_object_removed
01-29 19:48:58.935 E/NetlinkEvent(  395): NetlinkEvent::FindParam(): Parameter 'LABEL' not found
01-29 19:48:58.935 E/NetlinkEvent(  395): NetlinkEvent::FindParam(): Parameter 'UID' not found
01-29 19:49:21.265 E/ContactsProvider_EventLog( 2653): Flush buffer to file cnt : 8 size : 3Kb duration : 14ms lastUpdatedAfter : 60110 ms mFlush_time_threasold : 2000 mCurrentSize : 1640
01-29 19:49:26.095 E/Watchdog( 1683): !@Sync 10468 [01-29 19:49:26.099]
01-29 19:49:56.095 E/Watchdog( 1683): !@Sync 10469 [01-29 19:49:56.100]
01-29 19:50:01.915 E/installd(  414): system dir 0 : /system/app/
01-29 19:50:01.915 E/installd(  414): system dir 1 : /system/priv-app/
01-29 19:50:01.915 E/installd(  414): system dir 2 : /vendor/app/
01-29 19:50:01.915 E/installd(  414): system dir 3 : /oem/app/
01-29 19:50:01.935 E/installd(  414): system dir 0 : /system/app/
01-29 19:50:01.935 E/installd(  414): system dir 1 : /system/priv-app/
01-29 19:50:01.935 E/installd(  414): system dir 2 : /vendor/app/
01-29 19:50:01.935 E/installd(  414): system dir 3 : /oem/app/
01-29 19:50:01.965 E/installd(  414): system dir 0 : /system/app/
01-29 19:50:01.965 E/installd(  414): system dir 1 : /system/priv-app/
01-29 19:50:01.965 E/installd(  414): system dir 2 : /vendor/app/
01-29 19:50:01.965 E/installd(  414): system dir 3 : /oem/app/
01-29 19:50:02.005 E/SPPClientService( 6036): [[PushClientService]] F:false, D:false, E:false, T:false, S:true, R:false
01-29 19:50:02.015 E/installd(  414): system dir 0 : /system/app/
01-29 19:50:02.015 E/installd(  414): system dir 1 : /system/priv-app/
01-29 19:50:02.015 E/installd(  414): system dir 2 : /vendor/app/
01-29 19:50:02.015 E/installd(  414): system dir 3 : /oem/app/
01-29 19:50:02.035 E/installd(  414): system dir 0 : /system/app/
01-29 19:50:02.035 E/installd(  414): system dir 1 : /system/priv-app/
01-29 19:50:02.035 E/installd(  414): system dir 2 : /vendor/app/
01-29 19:50:02.045 E/installd(  414): system dir 3 : /oem/app/
01-29 19:50:02.055 E/installd(  414): system dir 0 : /system/app/
01-29 19:50:02.055 E/installd(  414): system dir 1 : /system/priv-app/
01-29 19:50:02.055 E/installd(  414): system dir 2 : /vendor/app/
01-29 19:50:02.055 E/installd(  414): system dir 3 : /oem/app/
01-29 19:50:02.065 E/installd(  414): system dir 0 : /system/app/
01-29 19:50:02.065 E/installd(  414): system dir 1 : /system/priv-app/
01-29 19:50:02.065 E/installd(  414): system dir 2 : /vendor/app/
01-29 19:50:02.065 E/installd(  414): system dir 3 : /oem/app/
01-29 19:50:02.075 E/installd(  414): system dir 0 : /system/app/
01-29 19:50:02.075 E/installd(  414): system dir 1 : /system/priv-app/
01-29 19:50:02.075 E/installd(  414): system dir 2 : /vendor/app/
01-29 19:50:02.075 E/installd(  414): system dir 3 : /oem/app/
01-29 19:50:02.095 E/installd(  414): system dir 0 : /system/app/
01-29 19:50:02.095 E/installd(  414): system dir 1 : /system/priv-app/
01-29 19:50:02.095 E/installd(  414): system dir 2 : /vendor/app/
01-29 19:50:02.095 E/installd(  414): system dir 3 : /oem/app/
01-29 19:50:02.125 E/installd(  414): system dir 0 : /system/app/
01-29 19:50:02.125 E/installd(  414): system dir 1 : /system/priv-app/
01-29 19:50:02.125 E/installd(  414): system dir 2 : /vendor/app/
01-29 19:50:02.125 E/installd(  414): system dir 3 : /oem/app/
01-29 19:50:02.215 E/installd(  414): system dir 0 : /system/app/
01-29 19:50:02.215 E/installd(  414): system dir 1 : /system/priv-app/
