--------- beginning of system
01-29 19:02:58.815 E/MARsPolicyManager( 1683): Package: com.cmcm.gamemoney hostingType: broadcast is Restricted by policy: autorunpolicy(4) caller is: ProcessRecord{5620bf5 15415:com.tencent.mobileqq:openSdk/u0a809}
01-29 19:02:58.875 E/MARsPolicyManager( 1683): Package: com.cmcm.gamemoney hostingType: broadcast is Restricted by policy: autorunpolicy(4) caller is: ProcessRecord{4fdc382 5518:com.tencent.mobileqq/u0a809}
01-29 19:03:14.095 E/InputMethodManagerService( 1683): Perflock object null
01-29 19:03:18.085 E/MARsDBManager( 1683): updateDBAll : begin --size 4
01-29 19:03:18.125 E/MARsDBManager( 1683): updateDBAll : end
01-29 19:03:25.945 E/Watchdog( 1683): !@Sync 10376 [01-29 19:03:25.958]
01-29 19:03:30.205 E/ConnectivityService( 1683): RemoteException caught trying to send a callback msg for NetworkRequest [ id=238, legacyType=-1, [ Capabilities: INTERNET&NOT_RESTRICTED&TRUSTED] ]
01-29 19:03:30.205 E/ConnectivityService( 1683): RemoteException caught trying to send a callback msg for NetworkRequest [ id=239, legacyType=-1, [ Capabilities: INTERNET&NOT_RESTRICTED&TRUSTED] ]
01-29 19:03:55.955 E/Watchdog( 1683): !@Sync 10377 [01-29 19:03:55.959]
01-29 19:03:58.465 E/MARsPolicyManager( 1683): Package: com.cmcm.gamemoney hostingType: broadcast is Restricted by policy: autorunpolicy(4) caller is: ProcessRecord{4fdc382 5518:com.tencent.mobileqq/u0a809}
01-29 19:04:25.955 E/Watchdog( 1683): !@Sync 10378 [01-29 19:04:25.960]
01-29 19:04:55.955 E/Watchdog( 1683): !@Sync 10379 [01-29 19:04:55.960]
--------- beginning of main
01-29 19:05:06.925 E/AffinityControl(17036): AffinityControl: registerfunction enter
01-29 19:05:07.265 E/Zygote  (17051): v2
01-29 19:05:07.485 E/Zygote  (17068): v2
01-29 19:05:07.745 E/KSupport(17068): ERROR: Missing PublicBean
01-29 19:05:07.785 E/KSupport(17051): ERROR: Missing PublicBean
01-29 19:05:07.835 E/File    (17051): fail readDirectory() errno=2
01-29 19:05:07.835 E/File    (17051): fail readDirectory() errno=2
01-29 19:05:08.135 E/dex2oat (17117): <SS>: oat location is not valid /data/user/0/com.cmcm.gamemaster/files/storage/com.cmcm.gamemaster.firstframe/version.1/bundle.odex
01-29 19:05:08.265 E/GameMainActivity(17051): ===================GameMainActivity
01-29 19:05:08.615 E/SplashActivity(17051): ===================SplashActivity
01-29 19:05:09.055 E/File    (17051): fail readDirectory() errno=2
01-29 19:05:09.055 E/File    (17051): fail readDirectory() errno=2
01-29 19:05:13.525 E/MotionRecognitionManager(17051): mSContextService = null
01-29 19:05:13.525 E/MotionRecognitionManager(17051): motionService = com.samsung.android.motion.IMotionRecognitionService$Stub$Proxy@2c9ff5f
01-29 19:05:14.145 E/dex2oat (17169): <SS>: oat location is not valid /data/user/0/com.cmcm.gamemaster/files/storage/com.cmcm.gamemaster.main/version.1/bundle.odex
01-29 19:05:14.665 E/dex2oat (17214): <SS>: oat location is not valid /data/user/0/com.cmcm.gamemaster/files/storage/com.cmcm.gamemaster.main/version.1/bundle2.odex
01-29 19:05:15.205 E/File    (17051): fail readDirectory() errno=2
01-29 19:05:15.205 E/File    (17051): fail readDirectory() errno=2
01-29 19:05:15.205 E/File    (17051): fail readDirectory() errno=2
01-29 19:05:15.205 E/File    (17051): fail readDirectory() errno=2
01-29 19:05:15.265 E/Zygote  (17274): v2
01-29 19:05:15.515 E/GMPlugin(17274): [restoreProfile] Installed => Load Plugin[com.cmcm.gamemaster.firstframe] refused!!!
01-29 19:05:15.855 E/dex2oat (17311): <SS>: oat location is not valid /data/user/0/com.cmcm.gamemaster/files/storage/com.cmcm.gamemaster.account/version.1/bundle.odex
01-29 19:05:15.885 E/dex2oat (17289): <SS>: oat location is not valid /data/user/0/com.cmcm.gamemaster/files/storage/com.cmcm.gamemaster.moment/version.1/bundle.odex
01-29 19:05:16.045 E/GMPlugin(17274): [restoreProfile] Installed => Load Plugin[com.cmcm.gamemaster.moment] refused!!!
01-29 19:05:16.045 E/GMPlugin(17274): [restoreProfile] Installed => Load Plugin[com.cmcm.gamemaster.account] refused!!!
01-29 19:05:16.055 E/CheckTopTaskService(17068): ===========================old: new:com.cmcm.gamemaster
01-29 19:05:16.245 E/DatabaseUtils(17274): Writing exception to parcel
01-29 19:05:16.245 E/DatabaseUtils(17274): java.lang.IllegalStateException: Cannot perform this operation because the connection pool has been closed.
01-29 19:05:16.245 E/DatabaseUtils(17274): 	at android.database.sqlite.SQLiteConnectionPool.throwIfClosedLocked(SQLiteConnectionPool.java:1036)
01-29 19:05:16.245 E/DatabaseUtils(17274): 	at android.database.sqlite.SQLiteConnectionPool.waitForConnection(SQLiteConnectionPool.java:666)
01-29 19:05:16.245 E/DatabaseUtils(17274): 	at android.database.sqlite.SQLiteConnectionPool.acquireConnection(SQLiteConnectionPool.java:399)
01-29 19:05:16.245 E/DatabaseUtils(17274): 	at android.database.sqlite.SQLiteSession.acquireConnection(SQLiteSession.java:905)
01-29 19:05:16.245 E/DatabaseUtils(17274): 	at android.database.sqlite.SQLiteSession.executeForCursorWindow(SQLiteSession.java:834)
01-29 19:05:16.245 E/DatabaseUtils(17274): 	at android.database.sqlite.SQLiteQuery.fillWindow(SQLiteQuery.java:62)
01-29 19:05:16.245 E/DatabaseUtils(17274): 	at android.database.sqlite.SQLiteCursor.fillWindow(SQLiteCursor.java:143)
01-29 19:05:16.245 E/DatabaseUtils(17274): 	at android.database.sqlite.SQLiteCursor.getCount(SQLiteCursor.java:132)
01-29 19:05:16.245 E/DatabaseUtils(17274): 	at android.database.CursorToBulkCursorAdaptor.getBulkCursorDescriptor(CursorToBulkCursorAdaptor.java:145)
01-29 19:05:16.245 E/DatabaseUtils(17274): 	at android.content.ContentProviderNative.onTransact(ContentProviderNative.java:122)
01-29 19:05:16.245 E/DatabaseUtils(17274): 	at android.os.Binder.execTransact(Binder.java:453)
01-29 19:05:16.345 E/moment plugin(17051): MomentApp init
01-29 19:05:16.455 E/File    (17274): fail readDirectory() errno=13
01-29 19:05:16.965 E/ContactsProvider_EventLog( 2653): Flush buffer to file cnt : 8 size : 3Kb duration : 17ms lastUpdatedAfter : 60070 ms mFlush_time_threasold : 2000 mCurrentSize : 1640
01-29 19:05:19.725 E/ViewRootImpl(17051): sendUserActionEvent() mView == null
01-29 19:05:20.745 E/KHttpPoster(17068): send post request error!
01-29 19:05:20.965 E/AbTestCore(17051): [AbTestCore] trans res error
01-29 19:05:20.975 E/AbTestCore(17051): [AbTestCore] trans res error
01-29 19:05:20.975 E/AbTestCore(17051): [AbTestCore] trans res error
01-29 19:05:20.975 E/AbTestCore(17051): [AbTestCore] trans res error
01-29 19:05:20.985 E/AbTestCore(17051): [AbTestCore] trans res error
01-29 19:05:20.985 E/AbTestCore(17051): [AbTestCore] trans res error
01-29 19:05:20.995 E/AbTestCore(17051): [AbTestCore] trans res error
01-29 19:05:20.995 E/AbTestCore(17051): [AbTestCore] trans res error
01-29 19:05:20.995 E/AbTestCore(17051): [AbTestCore] trans res error
01-29 19:05:21.005 E/AbTestCore(17051): [AbTestCore] trans res error
01-29 19:05:21.005 E/AbTestCore(17051): [AbTestCore] trans res error
01-29 19:05:21.005 E/AbTestCore(17051): [AbTestCore] trans res error
01-29 19:05:21.015 E/AbTestCore(17051): [AbTestCore] trans res error
01-29 19:05:21.015 E/AbTestCore(17051): [AbTestCore] trans res error
01-29 19:05:21.015 E/AbTestCore(17051): [AbTestCore] trans res error
01-29 19:05:21.025 E/AbTestCore(17051): [AbTestCore] trans res error
01-29 19:05:21.025 E/AbTestCore(17051): [AbTestCore] trans res error
01-29 19:05:21.035 E/AbTestCore(17051): [AbTestCore] trans res error
01-29 19:05:21.035 E/AbTestCore(17051): [AbTestCore] trans res error
01-29 19:05:21.035 E/AbTestCore(17051): [AbTestCore] trans res error
01-29 19:05:21.045 E/AbTestCore(17051): [AbTestCore] trans res error
01-29 19:05:25.955 E/Watchdog( 1683): !@Sync 10380 [01-29 19:05:25.961]
01-29 19:05:26.445 E/k       (17051): [k] TimerRun
01-29 19:05:26.455 E/k       (17051): [k] requestMomentNewMessageState, cursor = 
01-29 19:05:26.465 E/k       (17051): [k] resetTimer
01-29 19:05:31.495 E/KHttpPoster(17068): send post request error!
01-29 19:05:36.185 E/KHttpPoster(17051): send post request error!
01-29 19:05:38.695 E/GMPlugin[PluginsLive](17068): [GMPlugin[PluginsLive]] 
01-29 19:05:38.695 E/GMPlugin[PluginsLive](17068): java.lang.IllegalArgumentException: Install Rejected by minSupportVersion from [PluginLive] => id : 1 version : 10010118121452
01-29 19:05:38.695 E/GMPlugin[PluginsLive](17068): 	at com.ijinshan.pluginslive.a.a.a(HostVersionCfg.java:32)
01-29 19:05:38.695 E/GMPlugin[PluginsLive](17068): 	at com.ijinshan.pluginslive.plugin.upgrade.aa.a0.a(InstallProcess.java:140)
01-29 19:05:38.695 E/GMPlugin[PluginsLive](17068): 	at com.ijinshan.pluginslive.plugin.upgrade.aa.a0.a(InstallProcess.java:69)
01-29 19:05:38.695 E/GMPlugin[PluginsLive](17068): 	at com.ijinshan.pluginslive.plugin.upgrade.aa.a0.a(InstallProcess.java:37)
01-29 19:05:38.695 E/GMPlugin[PluginsLive](17068): 	at com.ijinshan.pluginslive.plugin.upgrade.a4.b(UpgradeCenterNew.java:204)
01-29 19:05:38.695 E/GMPlugin[PluginsLive](17068): 	at com.ijinshan.pluginslive.plugin.upgrade.a4.run(UpgradeCenterNew.java:73)
01-29 19:05:38.695 E/GMPlugin[PluginsLive](17068): Caused by: java.lang.IllegalArgumentException: minSupportVersion : 10010119012961
01-29 19:05:38.695 E/GMPlugin[PluginsLive](17068): 	at com.ijinshan.pluginslive.a.a.a(HostVersionCfg.java:28)
01-29 19:05:38.695 E/GMPlugin[PluginsLive](17068): 	... 5 more
01-29 19:05:38.735 E/GMPlugin[PluginsLive](17068): [GMPlugin[PluginsLive]] 
01-29 19:05:38.735 E/GMPlugin[PluginsLive](17068): java.lang.IllegalArgumentException: Install Rejected by minSupportVersion from [PluginLive] => id : 2 version : 10010218121451
01-29 19:05:38.735 E/GMPlugin[PluginsLive](17068): 	at com.ijinshan.pluginslive.a.a.a(HostVersionCfg.java:32)
01-29 19:05:38.735 E/GMPlugin[PluginsLive](17068): 	at com.ijinshan.pluginslive.plugin.upgrade.aa.a0.a(InstallProcess.java:140)
01-29 19:05:38.735 E/GMPlugin[PluginsLive](17068): 	at com.ijinshan.pluginslive.plugin.upgrade.aa.a0.a(InstallProcess.java:69)
01-29 19:05:38.735 E/GMPlugin[PluginsLive](17068): 	at com.ijinshan.pluginslive.plugin.upgrade.aa.a0.a(InstallProcess.java:37)
01-29 19:05:38.735 E/GMPlugin[PluginsLive](17068): 	at com.ijinshan.pluginslive.plugin.upgrade.a4.b(UpgradeCenterNew.java:204)
01-29 19:05:38.735 E/GMPlugin[PluginsLive](17068): 	at com.ijinshan.pluginslive.plugin.upgrade.a4.run(UpgradeCenterNew.java:73)
01-29 19:05:38.735 E/GMPlugin[PluginsLive](17068): Caused by: java.lang.IllegalArgumentException: minSupportVersion : 10010219012961
01-29 19:05:38.735 E/GMPlugin[PluginsLive](17068): 	at com.ijinshan.pluginslive.a.a.a(HostVersionCfg.java:28)
01-29 19:05:38.735 E/GMPlugin[PluginsLive](17068): 	... 5 more
01-29 19:05:43.555 E/KHttpPoster(17051): send post request error!
01-29 19:05:54.875 E/LoginActivity(17051): ===================LoginActivity
01-29 19:05:55.955 E/Watchdog( 1683): !@Sync 10381 [01-29 19:05:55.962]
01-29 19:06:03.585 E/openSDK_LOG(17051): com.cmcm.gamemaster SDK_VERSION:3.2.0.lite
01-29 19:06:03.765 E/DatabaseUtils( 2324): Writing exception to parcel
01-29 19:06:03.765 E/DatabaseUtils( 2324): java.lang.SecurityException: No permission to write APN settings
01-29 19:06:03.765 E/DatabaseUtils( 2324): 	at com.android.providers.telephony.TelephonyProvider.checkPermission(TelephonyProvider.java:4078)
01-29 19:06:03.765 E/DatabaseUtils( 2324): 	at com.android.providers.telephony.TelephonyProvider.query(TelephonyProvider.java:2736)
01-29 19:06:03.765 E/DatabaseUtils( 2324): 	at android.content.ContentProvider.query(ContentProvider.java:1058)
01-29 19:06:03.765 E/DatabaseUtils( 2324): 	at android.content.ContentProvider$Transport.query(ContentProvider.java:245)
01-29 19:06:03.765 E/DatabaseUtils( 2324): 	at android.content.ContentProviderNative.onTransact(ContentProviderNative.java:112)
01-29 19:06:03.765 E/DatabaseUtils( 2324): 	at android.os.Binder.execTransact(Binder.java:453)
01-29 19:06:03.765 E/openSDK_LOG.APNUtil(17051): getApn has exception: No permission to write APN settings
01-29 19:06:03.795 E/DatabaseUtils( 2324): Writing exception to parcel
01-29 19:06:03.795 E/DatabaseUtils( 2324): java.lang.SecurityException: No permission to write APN settings
01-29 19:06:03.795 E/DatabaseUtils( 2324): 	at com.android.providers.telephony.TelephonyProvider.checkPermission(TelephonyProvider.java:4078)
01-29 19:06:03.795 E/DatabaseUtils( 2324): 	at com.android.providers.telephony.TelephonyProvider.query(TelephonyProvider.java:2736)
01-29 19:06:03.795 E/DatabaseUtils( 2324): 	at android.content.ContentProvider.query(ContentProvider.java:1058)
01-29 19:06:03.795 E/DatabaseUtils( 2324): 	at android.content.ContentProvider$Transport.query(ContentProvider.java:245)
01-29 19:06:03.795 E/DatabaseUtils( 2324): 	at android.content.ContentProviderNative.onTransact(ContentProviderNative.java:112)
01-29 19:06:03.795 E/DatabaseUtils( 2324): 	at android.os.Binder.execTransact(Binder.java:453)
01-29 19:06:03.805 E/openSDK_LOG.APNUtil(17051): getApn has exception: No permission to write APN settings
01-29 19:06:03.805 E/openSDK_LOG.Util(17051): getPackageInfo has exception: com.qzone
01-29 19:06:03.905 E/Zygote  (17543): v2
01-29 19:06:04.885 E/MARsPolicyManager( 1683): Package: com.cmcm.gamemoney hostingType: broadcast is Restricted by policy: autorunpolicy(4) caller is: ProcessRecord{c369f39 17543:com.tencent.mobileqq:openSdk/u0a809}
01-29 19:06:04.925 E/MARsPolicyManager( 1683): Package: com.cmcm.gamemoney hostingType: broadcast is Restricted by policy: autorunpolicy(4) caller is: ProcessRecord{4fdc382 5518:com.tencent.mobileqq/u0a809}
01-29 19:06:05.605 E/MotionRecognitionManager(17543): mSContextService = null
01-29 19:06:05.615 E/MotionRecognitionManager(17543): motionService = com.samsung.android.motion.IMotionRecognitionService$Stub$Proxy@d4a10e9
01-29 19:06:05.615 E/MD5     (17543): loadso arm msfbootV2 resultCode=3387394
01-29 19:06:05.615 E/MD5     (17543): loadso msfbootV2 true resultCode=3387394 cost=39
01-29 19:06:05.885 E/MARsPolicyManager( 1683): Package: com.cmcm.gamemoney hostingType: broadcast is Restricted by policy: autorunpolicy(4) caller is: ProcessRecord{c369f39 17543:com.tencent.mobileqq:openSdk/u0a809}
01-29 19:06:06.385 E/ViewRootImpl(17543): sendUserActionEvent() mView == null
01-29 19:06:08.065 E/DatabaseUtils( 2324): Writing exception to parcel
01-29 19:06:08.065 E/DatabaseUtils( 2324): java.lang.SecurityException: No permission to write APN settings
01-29 19:06:08.065 E/DatabaseUtils( 2324): 	at com.android.providers.telephony.TelephonyProvider.checkPermission(TelephonyProvider.java:4078)
01-29 19:06:08.065 E/DatabaseUtils( 2324): 	at com.android.providers.telephony.TelephonyProvider.query(TelephonyProvider.java:2736)
01-29 19:06:08.065 E/DatabaseUtils( 2324): 	at android.content.ContentProvider.query(ContentProvider.java:1058)
01-29 19:06:08.065 E/DatabaseUtils( 2324): 	at android.content.ContentProvider$Transport.query(ContentProvider.java:245)
01-29 19:06:08.065 E/DatabaseUtils( 2324): 	at android.content.ContentProviderNative.onTransact(ContentProviderNative.java:112)
01-29 19:06:08.065 E/DatabaseUtils( 2324): 	at android.os.Binder.execTransact(Binder.java:453)
01-29 19:06:08.065 E/openSDK_LOG.APNUtil(17051): getApn has exception: No permission to write APN settings
01-29 19:06:08.075 E/openSDK_LOG.Util(17051): getPackageInfo has exception: com.qzone
01-29 19:06:08.115 E/openSDK_LOG.UIListenerManager(17051): 登录的接口回调不能重新构建，暂时无法提供，先记录下来这种情况是否存在
01-29 19:06:10.355 E/k       (17051): [k] requestMomentNewMessageState, cursor = 
01-29 19:06:10.615 E/GameMainActivity(17051): [mGameMainReceiver]
01-29 19:06:10.765 E/MARsPolicyManager( 1683): Package: com.cmcm.gamemoney hostingType: broadcast is Restricted by policy: autorunpolicy(4) caller is: ProcessRecord{c369f39 17543:com.tencent.mobileqq:openSdk/u0a809}
01-29 19:06:10.825 E/MARsPolicyManager( 1683): Package: com.cmcm.gamemoney hostingType: broadcast is Restricted by policy: autorunpolicy(4) caller is: ProcessRecord{4fdc382 5518:com.tencent.mobileqq/u0a809}
01-29 19:06:10.875 E/kl0     (17051): [kl0] doRequest_responsesuccess
01-29 19:06:10.885 E/k       (17051): [k] requestMomentNewMessageState::onSuccess
01-29 19:06:11.465 E/QueryController(17012): Got null root node from accessibility - Retrying...
01-29 19:06:11.515 E/ViewRootImpl(17051): sendUserActionEvent() mView == null
01-29 19:06:12.195 E/GameMainActivity(17051): [mGameMainReceiver]
01-29 19:06:17.095 E/ContactsProvider_EventLog( 2653): Flush buffer to file cnt : 8 size : 3Kb duration : 29ms lastUpdatedAfter : 60125 ms mFlush_time_threasold : 2000 mCurrentSize : 1640
01-29 19:06:25.955 E/Watchdog( 1683): !@Sync 10382 [01-29 19:06:25.963]
01-29 19:06:29.555 E/SettingActivity(17051): ===================SettingActivity
01-29 19:06:31.035 E/MtpServerJNI( 3391): server is null in send_object_removed
01-29 19:06:31.865 E/QueryController(17012): Got null root node from accessibility - Retrying...
01-29 19:06:31.875 E/ViewRootImpl(17051): sendUserActionEvent() mView == null
01-29 19:06:32.375 E/QueryController(17012): Got null root node from accessibility - Retrying...
01-29 19:06:34.325 E/AffinityControl(17721): AffinityControl: registerfunction enter
01-29 19:06:34.475 E/Zygote  (17739): v2
01-29 19:06:34.585 E/ConnectivityService( 1683): RemoteException caught trying to send a callback msg for NetworkRequest [ id=240, legacyType=-1, [ Capabilities: INTERNET&NOT_RESTRICTED&TRUSTED] ]
01-29 19:06:34.585 E/ConnectivityService( 1683): RemoteException caught trying to send a callback msg for NetworkRequest [ id=241, legacyType=-1, [ Capabilities: INTERNET&NOT_RESTRICTED&TRUSTED] ]
01-29 19:06:34.745 E/GMPlugin(17739): [restoreProfile] Installed => Load Plugin[com.cmcm.gamemaster.firstframe] refused!!!
01-29 19:06:34.745 E/GMPlugin(17739): [restoreProfile] Installed => Load Plugin[com.cmcm.gamemaster.main] refused!!!
01-29 19:06:34.745 E/GMPlugin(17739): [restoreProfile] Installed => Load Plugin[com.cmcm.gamemaster.moment] refused!!!
01-29 19:06:34.745 E/GMPlugin(17739): [restoreProfile] Installed => Load Plugin[com.cmcm.gamemaster.account] refused!!!
01-29 19:06:36.035 E/AffinityControl(17773): AffinityControl: registerfunction enter
01-29 19:06:36.285 E/HomeEventObserver(10188): processFlag: market, [main:1] f.onReceive(84): action: android.intent.action.CLOSE_SYSTEM_DIALOGS,reason: homekey
01-29 19:06:36.285 E/HomeEventObserver(10154): processFlag: daemon, [main:1] f.onReceive(84): action: android.intent.action.CLOSE_SYSTEM_DIALOGS,reason: homekey
01-29 19:06:36.295 E/HomeEventObserver(10256): processFlag: tools, [main:1] f.onReceive(84): action: android.intent.action.CLOSE_SYSTEM_DIALOGS,reason: homekey
01-29 19:06:36.295 E/HomeEventObserver(10511): processFlag: connect, [main:1] f.onReceive(84): action: android.intent.action.CLOSE_SYSTEM_DIALOGS,reason: homekey
01-29 19:06:36.305 E/HomeEventObserver(10639): processFlag: web, [main:1] f.onReceive(84): action: android.intent.action.CLOSE_SYSTEM_DIALOGS,reason: homekey
01-29 19:06:38.125 E/AffinityControl(17797): AffinityControl: registerfunction enter
01-29 19:06:43.045 E/AffinityControl(17829): AffinityControl: registerfunction enter
01-29 19:06:45.565 E/AffinityControl(17857): AffinityControl: registerfunction enter
01-29 19:06:47.555 E/AffinityControl(17878): AffinityControl: registerfunction enter
01-29 19:06:49.905 E/AffinityControl(17914): AffinityControl: registerfunction enter
01-29 19:06:52.495 E/AffinityControl(17941): AffinityControl: registerfunction enter
01-29 19:06:54.055 E/AffinityControl(17957): AffinityControl: registerfunction enter
01-29 19:06:55.955 E/Watchdog( 1683): !@Sync 10383 [01-29 19:06:55.963]
01-29 19:06:56.075 E/AffinityControl(17979): AffinityControl: registerfunction enter
01-29 19:06:57.635 E/AffinityControl(17995): AffinityControl: registerfunction enter
01-29 19:06:59.305 E/AffinityControl(18011): AffinityControl: registerfunction enter
01-29 19:07:03.005 E/AffinityControl(18048): AffinityControl: registerfunction enter
01-29 19:07:05.195 E/AffinityControl(18072): AffinityControl: registerfunction enter
01-29 19:07:05.535 E/Zygote  (18089): v2
01-29 19:07:05.745 E/Zygote  (18106): v2
01-29 19:07:06.015 E/KSupport(18106): ERROR: Missing PublicBean
01-29 19:07:06.055 E/KSupport(18089): ERROR: Missing PublicBean
01-29 19:07:06.125 E/File    (18089): fail readDirectory() errno=2
01-29 19:07:06.125 E/File    (18089): fail readDirectory() errno=2
01-29 19:07:06.455 E/dex2oat (18156): <SS>: oat location is not valid /data/user/0/com.cmcm.gamemaster/files/storage/com.cmcm.gamemaster.firstframe/version.1/bundle.odex
01-29 19:07:06.585 E/GameMainActivity(18089): ===================GameMainActivity
01-29 19:07:06.945 E/SplashActivity(18089): ===================SplashActivity
01-29 19:07:07.365 E/File    (18089): fail readDirectory() errno=2
01-29 19:07:07.365 E/File    (18089): fail readDirectory() errno=2
01-29 19:07:11.805 E/MotionRecognitionManager(18089): mSContextService = null
01-29 19:07:11.815 E/MotionRecognitionManager(18089): motionService = com.samsung.android.motion.IMotionRecognitionService$Stub$Proxy@472fa75
01-29 19:07:12.335 E/dex2oat (18206): <SS>: oat location is not valid /data/user/0/com.cmcm.gamemaster/files/storage/com.cmcm.gamemaster.main/version.1/bundle.odex
01-29 19:07:12.925 E/dex2oat (18250): <SS>: oat location is not valid /data/user/0/com.cmcm.gamemaster/files/storage/com.cmcm.gamemaster.main/version.1/bundle2.odex
01-29 19:07:13.265 E/KHttpPoster(18089): send post request error!
01-29 19:07:13.495 E/File    (18089): fail readDirectory() errno=2
01-29 19:07:13.495 E/File    (18089): fail readDirectory() errno=2
01-29 19:07:13.495 E/File    (18089): fail readDirectory() errno=2
01-29 19:07:13.495 E/File    (18089): fail readDirectory() errno=2
01-29 19:07:13.535 E/Zygote  (18303): v2
01-29 19:07:13.815 E/GMPlugin(18303): [restoreProfile] Installed => Load Plugin[com.cmcm.gamemaster.firstframe] refused!!!
01-29 19:07:14.295 E/dex2oat (18322): <SS>: oat location is not valid /data/user/0/com.cmcm.gamemaster/files/storage/com.cmcm.gamemaster.moment/version.1/bundle.odex
01-29 19:07:14.295 E/dex2oat (18344): <SS>: oat location is not valid /data/user/0/com.cmcm.gamemaster/files/storage/com.cmcm.gamemaster.account/version.1/bundle.odex
01-29 19:07:14.295 E/GMPlugin(18303): [restoreProfile] Installed => Load Plugin[com.cmcm.gamemaster.moment] refused!!!
01-29 19:07:14.295 E/GMPlugin(18303): [restoreProfile] Installed => Load Plugin[com.cmcm.gamemaster.account] refused!!!
01-29 19:07:14.395 E/CheckTopTaskService(18106): ===========================old: new:com.cmcm.gamemaster
01-29 19:07:14.485 E/DatabaseUtils(18303): Writing exception to parcel
01-29 19:07:14.485 E/DatabaseUtils(18303): java.lang.IllegalStateException: Cannot perform this operation because the connection pool has been closed.
01-29 19:07:14.485 E/DatabaseUtils(18303): 	at android.database.sqlite.SQLiteConnectionPool.throwIfClosedLocked(SQLiteConnectionPool.java:1036)
01-29 19:07:14.485 E/DatabaseUtils(18303): 	at android.database.sqlite.SQLiteConnectionPool.waitForConnection(SQLiteConnectionPool.java:666)
01-29 19:07:14.485 E/DatabaseUtils(18303): 	at android.database.sqlite.SQLiteConnectionPool.acquireConnection(SQLiteConnectionPool.java:399)
01-29 19:07:14.485 E/DatabaseUtils(18303): 	at android.database.sqlite.SQLiteSession.acquireConnection(SQLiteSession.java:905)
01-29 19:07:14.485 E/DatabaseUtils(18303): 	at android.database.sqlite.SQLiteSession.executeForCursorWindow(SQLiteSession.java:834)
01-29 19:07:14.485 E/DatabaseUtils(18303): 	at android.database.sqlite.SQLiteQuery.fillWindow(SQLiteQuery.java:62)
01-29 19:07:14.485 E/DatabaseUtils(18303): 	at android.database.sqlite.SQLiteCursor.fillWindow(SQLiteCursor.java:143)
01-29 19:07:14.485 E/DatabaseUtils(18303): 	at android.database.sqlite.SQLiteCursor.getCount(SQLiteCursor.java:132)
01-29 19:07:14.485 E/DatabaseUtils(18303): 	at android.database.CursorToBulkCursorAdaptor.getBulkCursorDescriptor(CursorToBulkCursorAdaptor.java:145)
01-29 19:07:14.485 E/DatabaseUtils(18303): 	at android.content.ContentProviderNative.onTransact(ContentProviderNative.java:122)
01-29 19:07:14.485 E/DatabaseUtils(18303): 	at android.os.Binder.execTransact(Binder.java:453)
01-29 19:07:14.585 E/moment plugin(18089): MomentApp init
01-29 19:07:14.765 E/File    (18303): fail readDirectory() errno=13
01-29 19:07:17.195 E/ContactsProvider_EventLog( 2653): Flush buffer to file cnt : 8 size : 3Kb duration : 16ms lastUpdatedAfter : 60098 ms mFlush_time_threasold : 2000 mCurrentSize : 1640
01-29 19:07:17.975 E/ViewRootImpl(18089): sendUserActionEvent() mView == null
01-29 19:07:19.345 E/AbTestCore(18089): [AbTestCore] trans res error
01-29 19:07:19.345 E/AbTestCore(18089): [AbTestCore] trans res error
01-29 19:07:19.355 E/AbTestCore(18089): [AbTestCore] trans res error
01-29 19:07:19.375 E/videoPush(18089): [videoPush] onCreate
01-29 19:07:19.435 E/mScenario(18089): [mScenario] position === 0::: s = [Scenario 0x00000101 | ONLINE]
01-29 19:07:19.495 E/mScenario(18089): [mScenario] position === 1::: s = [Scenario 0x00000103 | ONLINE]
01-29 19:07:19.495 E/mScenario(18089): [mScenario] position === 2::: s = [Scenario 0x00000102 | ONLINE]
01-29 19:07:19.505 E/mScenario(18089): [mScenario] mScenario = [Scenario 0x00000101 | ONLINE]
01-29 19:07:19.505 E/mScenario(18089): [mScenario] mScenario = [Scenario 0x00000103 | ONLINE]
01-29 19:07:19.515 E/mScenario(18089): [mScenario] mScenario = [Scenario 0x00000102 | ONLINE]
01-29 19:07:19.665 E/NewsSdk (18089): getSupportedDisplay() mSupportedDisplayBuilder != null0x0f
01-29 19:07:19.885 E/NewsFragment(18089): [NewsFragment] news viewpager page scrolled position=0 positionOffset=0.0 positionOffsetPixels=0
01-29 19:07:20.125 E/VideoPlayer(18089): [VideoPlayer] GagsVideoListFragment requestData onRequestSuccess()
01-29 19:07:20.175 E/videoPush(18089): [videoPush] request isFirst:truefragmentId:1796081346
01-29 19:07:24.705 E/k       (18089): [k] TimerRun
01-29 19:07:24.715 E/k       (18089): [k] requestMomentNewMessageState, cursor = 
01-29 19:07:24.725 E/k       (18089): [k] resetTimer
01-29 19:07:25.785 E/AffinityControl(18555): AffinityControl: registerfunction enter
01-29 19:07:25.935 E/JavaBinder( 1683): !!! FAILED BINDER TRANSACTION !!!  (parcel size = 104)
01-29 19:07:25.935 E/JavaBinder( 1683): !!! FAILED BINDER TRANSACTION !!!  (parcel size = 104)
01-29 19:07:25.945 E/Zygote  (18574): v2
01-29 19:07:25.955 E/Watchdog( 1683): !@Sync 10384 [01-29 19:07:25.964]
01-29 19:07:26.195 E/GMPlugin(18574): [restoreProfile] Installed => Load Plugin[com.cmcm.gamemaster.firstframe] refused!!!
01-29 19:07:26.195 E/GMPlugin(18574): [restoreProfile] Installed => Load Plugin[com.cmcm.gamemaster.main] refused!!!
01-29 19:07:26.195 E/GMPlugin(18574): [restoreProfile] Installed => Load Plugin[com.cmcm.gamemaster.moment] refused!!!
01-29 19:07:26.195 E/GMPlugin(18574): [restoreProfile] Installed => Load Plugin[com.cmcm.gamemaster.account] refused!!!
01-29 19:07:27.485 E/AffinityControl(18609): AffinityControl: registerfunction enter
01-29 19:07:27.735 E/HomeEventObserver(10154): processFlag: daemon, [main:1] f.onReceive(84): action: android.intent.action.CLOSE_SYSTEM_DIALOGS,reason: homekey
01-29 19:07:27.745 E/HomeEventObserver(10188): processFlag: market, [main:1] f.onReceive(84): action: android.intent.action.CLOSE_SYSTEM_DIALOGS,reason: homekey
01-29 19:07:27.745 E/HomeEventObserver(10256): processFlag: tools, [main:1] f.onReceive(84): action: android.intent.action.CLOSE_SYSTEM_DIALOGS,reason: homekey
01-29 19:07:27.745 E/HomeEventObserver(10511): processFlag: connect, [main:1] f.onReceive(84): action: android.intent.action.CLOSE_SYSTEM_DIALOGS,reason: homekey
01-29 19:07:27.755 E/HomeEventObserver(10639): processFlag: web, [main:1] f.onReceive(84): action: android.intent.action.CLOSE_SYSTEM_DIALOGS,reason: homekey
01-29 19:07:29.585 E/AffinityControl(18632): AffinityControl: registerfunction enter
01-29 19:07:41.525 E/KHttpPoster(18574): send post request error!
01-29 19:07:55.955 E/Watchdog( 1683): !@Sync 10385 [01-29 19:07:55.965]
01-29 19:07:56.485 E/GMPlugin[PluginsLive](18574): [GMPlugin[PluginsLive]] 
01-29 19:07:56.485 E/GMPlugin[PluginsLive](18574): java.lang.IllegalArgumentException: Install Rejected by minSupportVersion from [PluginLive] => id : 1 version : 10010118121452
01-29 19:07:56.485 E/GMPlugin[PluginsLive](18574): 	at com.ijinshan.pluginslive.a.a.a(HostVersionCfg.java:32)
01-29 19:07:56.485 E/GMPlugin[PluginsLive](18574): 	at com.ijinshan.pluginslive.plugin.upgrade.aa.a0.a(InstallProcess.java:140)
01-29 19:07:56.485 E/GMPlugin[PluginsLive](18574): 	at com.ijinshan.pluginslive.plugin.upgrade.aa.a0.a(InstallProcess.java:69)
01-29 19:07:56.485 E/GMPlugin[PluginsLive](18574): 	at com.ijinshan.pluginslive.plugin.upgrade.aa.a0.a(InstallProcess.java:37)
01-29 19:07:56.485 E/GMPlugin[PluginsLive](18574): 	at com.ijinshan.pluginslive.plugin.upgrade.a4.b(UpgradeCenterNew.java:204)
01-29 19:07:56.485 E/GMPlugin[PluginsLive](18574): 	at com.ijinshan.pluginslive.plugin.upgrade.a4.run(UpgradeCenterNew.java:73)
01-29 19:07:56.485 E/GMPlugin[PluginsLive](18574): Caused by: java.lang.IllegalArgumentException: minSupportVersion : 10010119012961
01-29 19:07:56.485 E/GMPlugin[PluginsLive](18574): 	at com.ijinshan.pluginslive.a.a.a(HostVersionCfg.java:28)
01-29 19:07:56.485 E/GMPlugin[PluginsLive](18574): 	... 5 more
01-29 19:07:56.535 E/GMPlugin[PluginsLive](18574): [GMPlugin[PluginsLive]] 
01-29 19:07:56.535 E/GMPlugin[PluginsLive](18574): java.lang.IllegalArgumentException: Install Rejected by minSupportVersion from [PluginLive] => id : 2 version : 10010218121451
01-29 19:07:56.535 E/GMPlugin[PluginsLive](18574): 	at com.ijinshan.pluginslive.a.a.a(HostVersionCfg.java:32)
01-29 19:07:56.535 E/GMPlugin[PluginsLive](18574): 	at com.ijinshan.pluginslive.plugin.upgrade.aa.a0.a(InstallProcess.java:140)
01-29 19:07:56.535 E/GMPlugin[PluginsLive](18574): 	at com.ijinshan.pluginslive.plugin.upgrade.aa.a0.a(InstallProcess.java:69)
01-29 19:07:56.535 E/GMPlugin[PluginsLive](18574): 	at com.ijinshan.pluginslive.plugin.upgrade.aa.a0.a(InstallProcess.java:37)
01-29 19:07:56.535 E/GMPlugin[PluginsLive](18574): 	at com.ijinshan.pluginslive.plugin.upgrade.a4.b(UpgradeCenterNew.java:204)
01-29 19:07:56.535 E/GMPlugin[PluginsLive](18574): 	at com.ijinshan.pluginslive.plugin.upgrade.a4.run(UpgradeCenterNew.java:73)
01-29 19:07:56.535 E/GMPlugin[PluginsLive](18574): Caused by: java.lang.IllegalArgumentException: minSupportVersion : 10010219012961
01-29 19:07:56.535 E/GMPlugin[PluginsLive](18574): 	at com.ijinshan.pluginslive.a.a.a(HostVersionCfg.java:28)
01-29 19:07:56.535 E/GMPlugin[PluginsLive](18574): 	... 5 more
01-29 19:07:56.975 E/PushWatcherReceiver(18574): [PushWatcherReceiver] onReceive() cloud_local_load_finish_action
01-29 19:07:56.995 E/ee      (18574): [ee] videoPushSwitch false
01-29 19:07:57.365 E/Zygote  (18680): v2
01-29 19:07:57.445 E/backstage_pullactive_push(18574): [backstage_pullactive_push] BackstageActiveManager init
01-29 19:07:57.515 E/com.cm.game.ad.banner.e(18574): [com.cm.game.ad.banner.e] init
01-29 19:07:57.565 E/GMPlugin(18680): [restoreProfile] Installed => Load Plugin[com.cmcm.gamemaster.firstframe] refused!!!
01-29 19:07:57.905 E/GMPlugin(18680): [restoreProfile] Installed => Load Plugin[com.cmcm.gamemaster.moment] refused!!!
01-29 19:07:57.905 E/GMPlugin(18680): [restoreProfile] Installed => Load Plugin[com.cmcm.gamemaster.account] refused!!!
01-29 19:07:57.975 E/PushWatcherReceiver(18574): [PushWatcherReceiver] onReceive() cloud_local_load_finish_action
01-29 19:07:57.975 E/ee      (18574): [ee] videoPushSwitch false
01-29 19:07:58.215 E/File    (18680): fail readDirectory() errno=13
01-29 19:07:58.255 E/DownloadService(18680): [DownloadService] DownloadService [onDestroy] 220339693
01-29 19:08:17.245 E/ContactsProvider_EventLog( 2653): Flush buffer to file cnt : 8 size : 3Kb duration : 11ms lastUpdatedAfter : 60052 ms mFlush_time_threasold : 2000 mCurrentSize : 1640
01-29 19:08:25.955 E/Watchdog( 1683): !@Sync 10386 [01-29 19:08:25.966]
01-29 19:08:55.955 E/Watchdog( 1683): !@Sync 10387 [01-29 19:08:55.968]
01-29 19:09:02.005 E/MtpServerJNI( 3391): server is null in send_object_removed
01-29 19:09:17.375 E/ContactsProvider_EventLog( 2653): Flush buffer to file cnt : 8 size : 3Kb duration : 27ms lastUpdatedAfter : 60129 ms mFlush_time_threasold : 2000 mCurrentSize : 1640
01-29 19:09:25.965 E/Watchdog( 1683): !@Sync 10388 [01-29 19:09:25.970]
01-29 19:09:55.165 E/installd(  414): system dir 0 : /system/app/
01-29 19:09:55.165 E/installd(  414): system dir 1 : /system/priv-app/
01-29 19:09:55.165 E/installd(  414): system dir 2 : /vendor/app/
01-29 19:09:55.165 E/installd(  414): system dir 3 : /oem/app/
01-29 19:09:55.185 E/installd(  414): system dir 0 : /system/app/
01-29 19:09:55.185 E/installd(  414): system dir 1 : /system/priv-app/
01-29 19:09:55.185 E/installd(  414): system dir 2 : /vendor/app/
01-29 19:09:55.185 E/installd(  414): system dir 3 : /oem/app/
01-29 19:09:55.195 E/installd(  414): system dir 0 : /system/app/
01-29 19:09:55.195 E/installd(  414): system dir 1 : /system/priv-app/
01-29 19:09:55.195 E/installd(  414): system dir 2 : /vendor/app/
01-29 19:09:55.195 E/installd(  414): system dir 3 : /oem/app/
01-29 19:09:55.215 E/installd(  414): system dir 0 : /system/app/
01-29 19:09:55.215 E/installd(  414): system dir 1 : /system/priv-app/
01-29 19:09:55.215 E/installd(  414): system dir 2 : /vendor/app/
01-29 19:09:55.215 E/installd(  414): system dir 3 : /oem/app/
01-29 19:09:55.255 E/installd(  414): system dir 0 : /system/app/
01-29 19:09:55.255 E/installd(  414): system dir 1 : /system/priv-app/
01-29 19:09:55.255 E/installd(  414): system dir 2 : /vendor/app/
01-29 19:09:55.255 E/installd(  414): system dir 3 : /oem/app/
01-29 19:09:55.265 E/installd(  414): system dir 0 : /system/app/
01-29 19:09:55.265 E/installd(  414): system dir 1 : /system/priv-app/
01-29 19:09:55.265 E/installd(  414): system dir 2 : /vendor/app/
01-29 19:09:55.265 E/installd(  414): system dir 3 : /oem/app/
01-29 19:09:55.275 E/installd(  414): system dir 0 : /system/app/
01-29 19:09:55.275 E/installd(  414): system dir 1 : /system/priv-app/
01-29 19:09:55.275 E/installd(  414): system dir 2 : /vendor/app/
01-29 19:09:55.275 E/installd(  414): system dir 3 : /oem/app/
01-29 19:09:55.285 E/installd(  414): system dir 0 : /system/app/
01-29 19:09:55.285 E/installd(  414): system dir 1 : /system/priv-app/
01-29 19:09:55.285 E/installd(  414): system dir 2 : /vendor/app/
01-29 19:09:55.285 E/installd(  414): system dir 3 : /oem/app/
01-29 19:09:55.315 E/installd(  414): system dir 0 : /system/app/
01-29 19:09:55.315 E/installd(  414): system dir 1 : /system/priv-app/
01-29 19:09:55.315 E/installd(  414): system dir 2 : /vendor/app/
01-29 19:09:55.315 E/installd(  414): system dir 3 : /oem/app/
01-29 19:09:55.355 E/installd(  414): system dir 0 : /system/app/
01-29 19:09:55.355 E/installd(  414): system dir 1 : /system/priv-app/
01-29 19:09:55.355 E/installd(  414): system dir 2 : /vendor/app/
01-29 19:09:55.355 E/installd(  414): system dir 3 : /oem/app/
01-29 19:09:55.565 E/installd(  414): system dir 0 : /system/app/
01-29 19:09:55.565 E/installd(  414): system dir 1 : /system/priv-app/
01-29 19:09:55.565 E/installd(  414): system dir 2 : /vendor/app/
01-29 19:09:55.565 E/installd(  414): system dir 3 : /oem/app/
01-29 19:09:55.625 E/installd(  414): system dir 0 : /system/app/
01-29 19:09:55.625 E/installd(  414): system dir 1 : /system/priv-app/
01-29 19:09:55.625 E/installd(  414): system dir 2 : /vendor/app/
01-29 19:09:55.625 E/installd(  414): system dir 3 : /oem/app/
01-29 19:09:55.635 E/installd(  414): system dir 0 : /system/app/
01-29 19:09:55.635 E/installd(  414): system dir 1 : /system/priv-app/
01-29 19:09:55.635 E/installd(  414): system dir 2 : /vendor/app/
01-29 19:09:55.635 E/installd(  414): system dir 3 : /oem/app/
01-29 19:09:55.645 E/installd(  414): system dir 0 : /system/app/
01-29 19:09:55.645 E/installd(  414): system dir 1 : /system/priv-app/
01-29 19:09:55.645 E/installd(  414): system dir 2 : /vendor/app/
01-29 19:09:55.645 E/installd(  414): system dir 3 : /oem/app/
01-29 19:09:55.665 E/installd(  414): system dir 0 : /system/app/
01-29 19:09:55.665 E/installd(  414): system dir 1 : /system/priv-app/
01-29 19:09:55.665 E/installd(  414): system dir 2 : /vendor/app/
01-29 19:09:55.665 E/installd(  414): system dir 3 : /oem/app/
01-29 19:09:55.665 E/installd(  414): system dir 0 : /system/app/
01-29 19:09:55.665 E/installd(  414): system dir 1 : /system/priv-app/
01-29 19:09:55.665 E/installd(  414): system dir 2 : /vendor/app/
01-29 19:09:55.665 E/installd(  414): system dir 3 : /oem/app/
01-29 19:09:55.695 E/installd(  414): system dir 0 : /system/app/
01-29 19:09:55.695 E/installd(  414): system dir 1 : /system/priv-app/
01-29 19:09:55.695 E/installd(  414): system dir 2 : /vendor/app/
01-29 19:09:55.695 E/installd(  414): system dir 3 : /oem/app/
01-29 19:09:55.715 E/installd(  414): system dir 0 : /system/app/
01-29 19:09:55.715 E/installd(  414): system dir 1 : /system/priv-app/
01-29 19:09:55.715 E/installd(  414): system dir 2 : /vendor/app/
01-29 19:09:55.715 E/installd(  414): system dir 3 : /oem/app/
01-29 19:09:55.725 E/installd(  414): system dir 0 : /system/app/
01-29 19:09:55.725 E/installd(  414): system dir 1 : /system/priv-app/
01-29 19:09:55.725 E/installd(  414): system dir 2 : /vendor/app/
01-29 19:09:55.725 E/installd(  414): system dir 3 : /oem/app/
01-29 19:09:55.735 E/installd(  414): system dir 0 : /system/app/
01-29 19:09:55.735 E/installd(  414): system dir 1 : /system/priv-app/
01-29 19:09:55.735 E/installd(  414): system dir 2 : /vendor/app/
01-29 19:09:55.735 E/installd(  414): system dir 3 : /oem/app/
01-29 19:09:55.765 E/installd(  414): system dir 0 : /system/app/
01-29 19:09:55.765 E/installd(  414): system dir 1 : /system/priv-app/
01-29 19:09:55.765 E/installd(  414): system dir 2 : /vendor/app/
01-29 19:09:55.765 E/installd(  414): system dir 3 : /oem/app/
01-29 19:09:55.805 E/installd(  414): system dir 0 : /system/app/
01-29 19:09:55.805 E/installd(  414): system dir 1 : /system/priv-app/
01-29 19:09:55.805 E/installd(  414): system dir 2 : /vendor/app/
01-29 19:09:55.805 E/installd(  414): system dir 3 : /oem/app/
01-29 19:09:55.845 E/installd(  414): system dir 0 : /system/app/
01-29 19:09:55.845 E/installd(  414): system dir 1 : /system/priv-app/
01-29 19:09:55.845 E/installd(  414): system dir 2 : /vendor/app/
01-29 19:09:55.845 E/installd(  414): system dir 3 : /oem/app/
01-29 19:09:55.965 E/Watchdog( 1683): !@Sync 10389 [01-29 19:09:55.972]
01-29 19:10:17.475 E/ContactsProvider_EventLog( 2653): Flush buffer to file cnt : 8 size : 3Kb duration : 14ms lastUpdatedAfter : 60099 ms mFlush_time_threasold : 2000 mCurrentSize : 1640
01-29 19:10:25.965 E/Watchdog( 1683): !@Sync 10390 [01-29 19:10:25.973]
01-29 19:10:44.945 E/saprovider_weather_alert(12918): Failed to get location: Timeout.
01-29 19:10:55.965 E/Watchdog( 1683): !@Sync 10391 [01-29 19:10:55.974]
01-29 19:11:17.585 E/ContactsProvider_EventLog( 2653): Flush buffer to file cnt : 8 size : 3Kb duration : 17ms lastUpdatedAfter : 60112 ms mFlush_time_threasold : 2000 mCurrentSize : 1640
01-29 19:11:25.965 E/Watchdog( 1683): !@Sync 10392 [01-29 19:11:25.976]
01-29 19:11:37.775 E/Zygote  (18839): v2
01-29 19:11:37.815 E/SPPClientService( 6036): [b] __PingReply__
01-29 19:11:37.925 E/SPPClientService(18839): ShipBuild Binary : True
01-29 19:11:55.975 E/Watchdog( 1683): !@Sync 10393 [01-29 19:11:55.978]
01-29 19:12:11.105 E/KSupport(18574): ERROR: Missing PublicBean
01-29 19:12:11.115 E/KSupport(18680): ERROR: Missing PublicBean
01-29 19:12:17.705 E/ContactsProvider_EventLog( 2653): Flush buffer to file cnt : 8 size : 3Kb duration : 19ms lastUpdatedAfter : 60112 ms mFlush_time_threasold : 2000 mCurrentSize : 1640
01-29 19:12:25.975 E/Watchdog( 1683): !@Sync 10394 [01-29 19:12:25.979]
01-29 19:12:55.975 E/Watchdog( 1683): !@Sync 10395 [01-29 19:12:55.981]
01-29 19:13:17.785 E/ContactsProvider_EventLog( 2653): Flush buffer to file cnt : 8 size : 3Kb duration : 17ms lastUpdatedAfter : 60078 ms mFlush_time_threasold : 2000 mCurrentSize : 1640
01-29 19:13:25.975 E/Watchdog( 1683): !@Sync 10396 [01-29 19:13:25.982]
01-29 19:13:55.975 E/Watchdog( 1683): !@Sync 10397 [01-29 19:13:55.984]
01-29 19:14:17.895 E/ContactsProvider_EventLog( 2653): Flush buffer to file cnt : 8 size : 3Kb duration : 17ms lastUpdatedAfter : 60107 ms mFlush_time_threasold : 2000 mCurrentSize : 1640
01-29 19:14:25.975 E/Watchdog( 1683): !@Sync 10398 [01-29 19:14:25.986]
01-29 19:14:55.385 E/installd(  414): system dir 0 : /system/app/
01-29 19:14:55.385 E/installd(  414): system dir 1 : /system/priv-app/
01-29 19:14:55.385 E/installd(  414): system dir 2 : /vendor/app/
01-29 19:14:55.385 E/installd(  414): system dir 3 : /oem/app/
01-29 19:14:55.405 E/installd(  414): system dir 0 : /system/app/
01-29 19:14:55.405 E/installd(  414): system dir 1 : /system/priv-app/
01-29 19:14:55.405 E/installd(  414): system dir 2 : /vendor/app/
01-29 19:14:55.405 E/installd(  414): system dir 3 : /oem/app/
01-29 19:14:55.415 E/installd(  414): system dir 0 : /system/app/
01-29 19:14:55.415 E/installd(  414): system dir 1 : /system/priv-app/
01-29 19:14:55.415 E/installd(  414): system dir 2 : /vendor/app/
01-29 19:14:55.415 E/installd(  414): system dir 3 : /oem/app/
01-29 19:14:55.425 E/installd(  414): system dir 0 : /system/app/
01-29 19:14:55.425 E/installd(  414): system dir 1 : /system/priv-app/
01-29 19:14:55.425 E/installd(  414): system dir 2 : /vendor/app/
01-29 19:14:55.425 E/installd(  414): system dir 3 : /oem/app/
01-29 19:14:55.455 E/installd(  414): system dir 0 : /system/app/
01-29 19:14:55.455 E/installd(  414): system dir 1 : /system/priv-app/
01-29 19:14:55.455 E/installd(  414): system dir 2 : /vendor/app/
01-29 19:14:55.455 E/installd(  414): system dir 3 : /oem/app/
01-29 19:14:55.465 E/installd(  414): system dir 0 : /system/app/
01-29 19:14:55.465 E/installd(  414): system dir 1 : /system/priv-app/
01-29 19:14:55.465 E/installd(  414): system dir 2 : /vendor/app/
01-29 19:14:55.465 E/installd(  414): system dir 3 : /oem/app/
01-29 19:14:55.485 E/installd(  414): system dir 0 : /system/app/
01-29 19:14:55.485 E/installd(  414): system dir 1 : /system/priv-app/
01-29 19:14:55.485 E/installd(  414): system dir 2 : /vendor/app/
01-29 19:14:55.485 E/installd(  414): system dir 3 : /oem/app/
01-29 19:14:55.495 E/installd(  414): system dir 0 : /system/app/
01-29 19:14:55.495 E/installd(  414): system dir 1 : /system/priv-app/
01-29 19:14:55.495 E/installd(  414): system dir 2 : /vendor/app/
01-29 19:14:55.495 E/installd(  414): system dir 3 : /oem/app/
01-29 19:14:55.525 E/installd(  414): system dir 0 : /system/app/
01-29 19:14:55.525 E/installd(  414): system dir 1 : /system/priv-app/
01-29 19:14:55.525 E/installd(  414): system dir 2 : /vendor/app/
01-29 19:14:55.525 E/installd(  414): system dir 3 : /oem/app/
01-29 19:14:55.555 E/installd(  414): system dir 0 : /system/app/
01-29 19:14:55.555 E/installd(  414): system dir 1 : /system/priv-app/
01-29 19:14:55.555 E/installd(  414): system dir 2 : /vendor/app/
01-29 19:14:55.555 E/installd(  414): system dir 3 : /oem/app/
01-29 19:14:55.685 E/installd(  414): system dir 0 : /system/app/
01-29 19:14:55.685 E/installd(  414): system dir 1 : /system/priv-app/
01-29 19:14:55.685 E/installd(  414): system dir 2 : /vendor/app/
01-29 19:14:55.685 E/installd(  414): system dir 3 : /oem/app/
01-29 19:14:55.745 E/installd(  414): system dir 0 : /system/app/
01-29 19:14:55.745 E/installd(  414): system dir 1 : /system/priv-app/
01-29 19:14:55.745 E/installd(  414): system dir 2 : /vendor/app/
01-29 19:14:55.745 E/installd(  414): system dir 3 : /oem/app/
01-29 19:14:55.755 E/installd(  414): system dir 0 : /system/app/
01-29 19:14:55.755 E/installd(  414): system dir 1 : /system/priv-app/
01-29 19:14:55.755 E/installd(  414): system dir 2 : /vendor/app/
01-29 19:14:55.755 E/installd(  414): system dir 3 : /oem/app/
01-29 19:14:55.775 E/installd(  414): system dir 0 : /system/app/
01-29 19:14:55.775 E/installd(  414): system dir 1 : /system/priv-app/
01-29 19:14:55.775 E/installd(  414): system dir 2 : /vendor/app/
01-29 19:14:55.775 E/installd(  414): system dir 3 : /oem/app/
01-29 19:14:55.795 E/installd(  414): system dir 0 : /system/app/
01-29 19:14:55.795 E/installd(  414): system dir 1 : /system/priv-app/
01-29 19:14:55.795 E/installd(  414): system dir 2 : /vendor/app/
01-29 19:14:55.795 E/installd(  414): system dir 3 : /oem/app/
01-29 19:14:55.805 E/installd(  414): system dir 0 : /system/app/
01-29 19:14:55.805 E/installd(  414): system dir 1 : /system/priv-app/
01-29 19:14:55.805 E/installd(  414): system dir 2 : /vendor/app/
01-29 19:14:55.805 E/installd(  414): system dir 3 : /oem/app/
01-29 19:14:55.835 E/installd(  414): system dir 0 : /system/app/
01-29 19:14:55.835 E/installd(  414): system dir 1 : /system/priv-app/
01-29 19:14:55.835 E/installd(  414): system dir 2 : /vendor/app/
01-29 19:14:55.835 E/installd(  414): system dir 3 : /oem/app/
01-29 19:14:55.865 E/installd(  414): system dir 0 : /system/app/
01-29 19:14:55.865 E/installd(  414): system dir 1 : /system/priv-app/
01-29 19:14:55.865 E/installd(  414): system dir 2 : /vendor/app/
01-29 19:14:55.865 E/installd(  414): system dir 3 : /oem/app/
01-29 19:14:55.885 E/installd(  414): system dir 0 : /system/app/
01-29 19:14:55.885 E/installd(  414): system dir 1 : /system/priv-app/
01-29 19:14:55.885 E/installd(  414): system dir 2 : /vendor/app/
01-29 19:14:55.885 E/installd(  414): system dir 3 : /oem/app/
01-29 19:14:55.895 E/installd(  414): system dir 0 : /system/app/
01-29 19:14:55.895 E/installd(  414): system dir 1 : /system/priv-app/
01-29 19:14:55.895 E/installd(  414): system dir 2 : /vendor/app/
01-29 19:14:55.895 E/installd(  414): system dir 3 : /oem/app/
01-29 19:14:55.915 E/installd(  414): system dir 0 : /system/app/
01-29 19:14:55.915 E/installd(  414): system dir 1 : /system/priv-app/
01-29 19:14:55.915 E/installd(  414): system dir 2 : /vendor/app/
01-29 19:14:55.915 E/installd(  414): system dir 3 : /oem/app/
01-29 19:14:55.945 E/installd(  414): system dir 0 : /system/app/
01-29 19:14:55.945 E/installd(  414): system dir 1 : /system/priv-app/
01-29 19:14:55.945 E/installd(  414): system dir 2 : /vendor/app/
01-29 19:14:55.945 E/installd(  414): system dir 3 : /oem/app/
01-29 19:14:55.975 E/Watchdog( 1683): !@Sync 10399 [01-29 19:14:55.987]
01-29 19:14:55.995 E/installd(  414): system dir 0 : /system/app/
01-29 19:14:55.995 E/installd(  414): system dir 1 : /system/priv-app/
01-29 19:14:55.995 E/installd(  414): system dir 2 : /vendor/app/
01-29 19:14:55.995 E/installd(  414): system dir 3 : /oem/app/
01-29 19:15:03.675 E/SPPClientService( 6036): [[PushClientService]] F:false, D:false, E:false, T:false, S:true, R:false
01-29 19:15:04.185 E/MtpServerJNI( 3391): server is null in send_object_removed
01-29 19:15:18.015 E/ContactsProvider_EventLog( 2653): Flush buffer to file cnt : 8 size : 3Kb duration : 33ms lastUpdatedAfter : 60122 ms mFlush_time_threasold : 2000 mCurrentSize : 1640
01-29 19:15:18.085 E/MARsDBManager( 1683): updateDBAll : begin --size 2
01-29 19:15:18.135 E/MARsDBManager( 1683): updateDBAll : end
01-29 19:15:25.985 E/Watchdog( 1683): !@Sync 10400 [01-29 19:15:25.988]
01-29 19:15:55.985 E/Watchdog( 1683): !@Sync 10401 [01-29 19:15:55.990]
01-29 19:16:18.105 E/ContactsProvider_EventLog( 2653): Flush buffer to file cnt : 8 size : 3Kb duration : 18ms lastUpdatedAfter : 60084 ms mFlush_time_threasold : 2000 mCurrentSize : 1640
01-29 19:16:25.985 E/Watchdog( 1683): !@Sync 10402 [01-29 19:16:25.991]
01-29 19:16:55.985 E/Watchdog( 1683): !@Sync 10403 [01-29 19:16:55.993]
01-29 19:17:01.155 E/Zygote  (18967): v2
01-29 19:17:18.205 E/ContactsProvider_EventLog( 2653): Flush buffer to file cnt : 8 size : 3Kb duration : 10ms lastUpdatedAfter : 60099 ms mFlush_time_threasold : 2000 mCurrentSize : 1640
01-29 19:17:25.985 E/Watchdog( 1683): !@Sync 10404 [01-29 19:17:25.995]
01-29 19:17:28.305 E/QCOM PowerHAL( 1683): Error opening sys/devices/system/cpu/cpu0/cpufreq/scaling_governor: No such file or directory
01-29 19:17:28.305 E/QCOM PowerHAL( 1683): Error opening sys/devices/system/cpu/cpu1/cpufreq/scaling_governor: No such file or directory
01-29 19:17:28.305 E/QCOM PowerHAL( 1683): Error opening sys/devices/system/cpu/cpu2/cpufreq/scaling_governor: No such file or directory
01-29 19:17:28.305 E/QCOM PowerHAL( 1683): Error opening sys/devices/system/cpu/cpu3/cpufreq/scaling_governor: No such file or directory
01-29 19:17:28.305 E/QTI PowerHAL( 1683): Can't obtain scaling governor.
01-29 19:17:28.325 E/qdutils (  349): int qdutils::getHDMINode(): Failed to open fb node 2
01-29 19:17:28.325 E/qdutils (  349): int qdutils::getHDMINode(): Failed to open fb node 3
01-29 19:17:28.325 E/qdutils (  349): int qdutils::getHDMINode(): Failed to find HDMI node
01-29 19:17:28.545 E/qdutils (  349): int qdutils::getHDMINode(): Failed to open fb node 2
01-29 19:17:28.545 E/qdutils (  349): int qdutils::getHDMINode(): Failed to open fb node 3
01-29 19:17:28.545 E/qdutils (  349): int qdutils::getHDMINode(): Failed to find HDMI node
01-29 19:17:28.555 E/PowerManagerService( 1683): handleSandman : startDreaming, but isDreaming false
